<html>
<body>
<pre>
<h1>µVision Build Log</h1>
<h2>Tool Versions:</h2>
IDE-Version: ¦ÌVision V5.42.0.0
Copyright (C) 2025 ARM Ltd and ARM Germany GmbH. All rights reserved.
License Information: K jamie, HuNan, LIC=YA39H-WTQVA-LQ60Q-NGJYA-0DQAI-6DK5Q
 
Tool Versions:
Toolchain:       MDK-ARM Plus  Version: 5.42.0.0
Toolchain Path:  C:\Users\kjmsd\AppData\Local\Keil_v5\ARM\ARMCLANG\Bin
C Compiler:      ArmClang.exe V6.23
Assembler:       Armasm.exe V6.23
Linker/Locator:  ArmLink.exe V6.23
Library Manager: ArmAr.exe V6.23
Hex Converter:   FromElf.exe V6.23
CPU DLL:         SARMCM3.DLL V5.42.0.0
Dialog DLL:      DARMCM1.DLL V1.19.6.0
Target DLL:      CMSIS_AGDI.dll V1.33.22.0
Dialog DLL:      TARMCM1.DLL V1.14.6.0
 
<h2>Project:</h2>
C:\Users\kjmsd\Documents\GitHub\icm42688_test\mspm0\keil\empty_LP_MSPM0G3507_nortos_keil.uvprojx
Project File Date:  02/27/2026

<h2>Output:</h2>
*** Using Compiler 'V6.23', folder: 'C:\Users\kjmsd\AppData\Local\Keil_v5\ARM\ARMCLANG\Bin'
Build target 'MPU6050DMP_TEST'
compiling empty.c...
linking...
Program Size: Code=21104 RO-data=1052 RW-data=16 ZI-data=8640  
FromELF: creating hex file...
".\Objects\empty_LP_MSPM0G3507_nortos_keil.axf" - 0 Error(s), 0 Warning(s).

<h2>Software Packages used:</h2>

Package Vendor: TexasInstruments
                http://software-dl.ti.com/msp430/esd/MSPM0-CMSIS/MSPM0G/latest/exports/TexasInstruments.MSPM0G_DFP.1.2.1.pack
                TexasInstruments::MSPM0G_DFP@1.2.1
                Device Family Pack for Texas Instruments MSPM0G Series

<h2>Collection of Component include folders:</h2>

<h2>Collection of Component Files used:</h2>
Build Time Elapsed:  00:00:00
</pre>
</body>
</html>
