Component: Arm Compiler for Embedded 6.23 Tool: armlink [5f102400]

==============================================================================

Section Cross References

    empty.o(.text.my_get_gyro_data) refers to icm42688.o(.text.icm42688_get_agt) for icm42688_get_agt
    empty.o(.text.my_get_gyro_data) refers to fmul.o(x$fpl$fmul) for __aeabi_fmul
    empty.o(.text.my_get_gyro_data) refers to empty.o(.bss.imu) for imu
    empty.o(.ARM.exidx.text.my_get_gyro_data) refers to empty.o(.text.my_get_gyro_data) for [Anonymous Symbol]
    empty.o(.text.main) refers to ti_msp_dl_config.o(.text.SYSCFG_DL_init) for SYSCFG_DL_init
    empty.o(.text.main) refers to empty.o(.text.__NVIC_EnableIRQ) for __NVIC_EnableIRQ
    empty.o(.text.main) refers to delay.o(.text.delay_ms) for delay_ms
    empty.o(.text.main) refers to icm42688.o(.text.icm42688_init_hal) for icm42688_init_hal
    empty.o(.text.main) refers to icm42688.o(.text.icm42688_begin) for icm42688_begin
    empty.o(.text.main) refers to uart_driver.o(.text.usart_printf) for usart_printf
    empty.o(.text.main) refers to icm42688.o(.text.icm42688_set_accel_odr) for icm42688_set_accel_odr
    empty.o(.text.main) refers to icm42688.o(.text.icm42688_set_gyro_odr) for icm42688_set_gyro_odr
    empty.o(.text.main) refers to icm42688.o(.text.icm42688_get_agt) for icm42688_get_agt
    empty.o(.text.main) refers to fmul.o(x$fpl$fmul) for __aeabi_fmul
    empty.o(.text.main) refers to mahony_ahrs.o(.text.mahony_ahrs_init) for mahony_ahrs_init
    empty.o(.text.main) refers to mahony_ahrs.o(.text.mahony_ahrs_calibrate_gyro) for mahony_ahrs_calibrate_gyro
    empty.o(.text.main) refers to icm42688.o(.text.icm42688_fifo_enable) for icm42688_fifo_enable
    empty.o(.text.main) refers to icm42688.o(.text.icm42688_fifo_stream_to_fifo) for icm42688_fifo_stream_to_fifo
    empty.o(.text.main) refers to icm42688.o(.text.icm42688_enable_data_ready_interrupt) for icm42688_enable_data_ready_interrupt
    empty.o(.text.main) refers to icm42688.o(.text.icm42688_fifo_read) for icm42688_fifo_read
    empty.o(.text.main) refers to icm42688.o(.text.icm42688_fifo_get_accel_x) for icm42688_fifo_get_accel_x
    empty.o(.text.main) refers to icm42688.o(.text.icm42688_fifo_get_accel_y) for icm42688_fifo_get_accel_y
    empty.o(.text.main) refers to icm42688.o(.text.icm42688_fifo_get_accel_z) for icm42688_fifo_get_accel_z
    empty.o(.text.main) refers to icm42688.o(.text.icm42688_fifo_get_gyro_x) for icm42688_fifo_get_gyro_x
    empty.o(.text.main) refers to icm42688.o(.text.icm42688_fifo_get_gyro_y) for icm42688_fifo_get_gyro_y
    empty.o(.text.main) refers to icm42688.o(.text.icm42688_fifo_get_gyro_z) for icm42688_fifo_get_gyro_z
    empty.o(.text.main) refers to faddsub.o(x$fpl$fadd) for __aeabi_fadd
    empty.o(.text.main) refers to fcmp.o(i._fleq) for __aeabi_fcmple
    empty.o(.text.main) refers to mahony_ahrs.o(.text.mahony_ahrs_update) for mahony_ahrs_update
    empty.o(.text.main) refers to mahony_ahrs.o(.text.mahony_ahrs_get_euler) for mahony_ahrs_get_euler
    empty.o(.text.main) refers to f2d.o(.text) for __aeabi_f2d
    empty.o(.text.main) refers to empty.o(.bss.imu) for imu
    empty.o(.text.main) refers to icm_spi_driver.o(.text.my_spi_read) for my_spi_read
    empty.o(.text.main) refers to icm_spi_driver.o(.text.my_spi_write) for my_spi_write
    empty.o(.text.main) refers to delay.o(.text.delay_us) for delay_us
    empty.o(.text.main) refers to empty.o(.rodata.str1.1) for [Anonymous Symbol]
    empty.o(.text.main) refers to empty.o(.bss.ahrs) for ahrs
    empty.o(.text.main) refers to empty.o(.text.my_get_gyro_data) for my_get_gyro_data
    empty.o(.text.main) refers to empty.o(.bss.imu_int_flag) for imu_int_flag
    empty.o(.text.main) refers to empty.o(.bss.ax) for ax
    empty.o(.text.main) refers to empty.o(.bss.ay) for ay
    empty.o(.text.main) refers to empty.o(.bss.az) for az
    empty.o(.text.main) refers to empty.o(.bss.gx) for gx
    empty.o(.text.main) refers to empty.o(.bss.gy) for gy
    empty.o(.text.main) refers to empty.o(.bss.gz) for gz
    empty.o(.ARM.exidx.text.main) refers to empty.o(.text.main) for [Anonymous Symbol]
    empty.o(.ARM.exidx.text.__NVIC_EnableIRQ) refers to empty.o(.text.__NVIC_EnableIRQ) for [Anonymous Symbol]
    empty.o(.text.GROUP1_IRQHandler) refers to empty.o(.text.DL_Interrupt_getPendingGroup) for DL_Interrupt_getPendingGroup
    empty.o(.text.GROUP1_IRQHandler) refers to empty.o(.bss.imu_int_flag) for imu_int_flag
    empty.o(.ARM.exidx.text.GROUP1_IRQHandler) refers to empty.o(.text.GROUP1_IRQHandler) for [Anonymous Symbol]
    empty.o(.ARM.exidx.text.DL_Interrupt_getPendingGroup) refers to empty.o(.text.DL_Interrupt_getPendingGroup) for [Anonymous Symbol]
    empty.o(.text.HardFault_Handler) refers to uart_driver.o(.text.usart_printf) for usart_printf
    empty.o(.text.HardFault_Handler) refers to empty.o(.rodata.str1.1) for [Anonymous Symbol]
[...]
    [Anonymous Symbol]                       0x0000444c   Section        0  uart_driver.o(.text.usart_send_bytes)
    .text_divfast                            0x00004480   Section      502  aeabi_sdivfast.o(.text_divfast)
    i.__ARM_common_ll_muluu                  0x00004676   Section        0  btod.o(i.__ARM_common_ll_muluu)
    i.__ARM_fpclassify                       0x000046a8   Section        0  fpclassify.o(i.__ARM_fpclassify)
    i.__ARM_fpclassifyf                      0x000046d4   Section        0  fpclassifyf.o(i.__ARM_fpclassifyf)
    i.__mathlib_flt_infnan                   0x000046f6   Section        0  funder.o(i.__mathlib_flt_infnan)
    i.__mathlib_flt_infnan2                  0x00004700   Section        0  funder.o(i.__mathlib_flt_infnan2)
    i.__mathlib_flt_invalid                  0x00004708   Section        0  funder.o(i.__mathlib_flt_invalid)
    i.__mathlib_flt_underflow                0x00004714   Section        0  funder.o(i.__mathlib_flt_underflow)
    i.__mathlib_rredf2                       0x00004724   Section        0  rredf.o(i.__mathlib_rredf2)
    i._fgeq                                  0x000048a4   Section        0  fcmp.o(i._fgeq)
    i._fgr                                   0x000048ba   Section        0  fcmp.o(i._fgr)
    i._fleq                                  0x000048d0   Section        0  fcmp.o(i._fleq)
    i._fls                                   0x000048ea   Section        0  fcmp.o(i._fls)
    i._is_digit                              0x00004900   Section        0  __printf_wp.o(i._is_digit)
    i.asinf                                  0x00004910   Section        0  asinf.o(i.asinf)
    i.atan2f                                 0x00004a28   Section        0  atan2f.o(i.atan2f)
    i.cosf                                   0x00004cc4   Section        0  cosf.o(i.cosf)
    i.sinf                                   0x00004e3c   Section        0  sinf.o(i.sinf)
    i.sqrtf                                  0x00004fc0   Section        0  sqrtf.o(i.sqrtf)
    locale$$code                             0x00004fec   Section       44  lc_numeric_c.o(locale$$code)
    locale$$code                             0x00005018   Section       44  lc_ctype_c.o(locale$$code)
    x$fpl$fadd                               0x00005044   Section      140  faddsub.o(x$fpl$fadd)
    _fadd1                                   0x00005051   Thumb Code     0  faddsub.o(x$fpl$fadd)
    x$fpl$fgeqf                              0x000050d0   Section       84  fgef.o(x$fpl$fgeqf)
    x$fpl$fleqf                              0x00005124   Section       84  flef.o(x$fpl$fleqf)
    x$fpl$fmul                               0x00005178   Section      176  fmul.o(x$fpl$fmul)
    x$fpl$frsb                               0x00005228   Section       24  faddsub.o(x$fpl$frsb)
    x$fpl$fsub                               0x00005240   Section      208  faddsub.o(x$fpl$fsub)
    _fsub1                                   0x0000524d   Thumb Code     0  faddsub.o(x$fpl$fsub)
    x$fpl$printf1                            0x00005310   Section       16  printf1.o(x$fpl$printf1)
    x$fpl$printf2                            0x00005320   Section       16  printf2.o(x$fpl$printf2)
    fdiv_tab                                 0x00005330   Data          64  fdiv.o(.constdata)
    .constdata                               0x00005330   Section       64  fdiv.o(.constdata)
    x$fpl$usenofp                            0x00005330   Section        0  usenofp.o(x$fpl$usenofp)
    initial_mbstate                          0x00005370   Data           8  _printf_wctomb.o(.constdata)
    .constdata                               0x00005370   Section        8  _printf_wctomb.o(.constdata)
    uc_hextab                                0x00005378   Data          20  _printf_hex_int_ll_ptr.o(.constdata)
    .constdata                               0x00005378   Section       40  _printf_hex_int_ll_ptr.o(.constdata)
    lc_hextab                                0x0000538c   Data          20  _printf_hex_int_ll_ptr.o(.constdata)
    maptable                                 0x000053a0   Data          17  __printf_flags_ss_wp.o(.constdata)
    .constdata                               0x000053a0   Section       17  __printf_flags_ss_wp.o(.constdata)
    twooverpi                                0x000053b4   Data          32  rredf.o(.constdata)
    .constdata                               0x000053b4   Section       32  rredf.o(.constdata)
    lc_hextab                                0x000053d4   Data          19  _printf_fp_hex.o(.constdata)
    .constdata                               0x000053d4   Section       38  _printf_fp_hex.o(.constdata)
    uc_hextab                                0x000053e7   Data          19  _printf_fp_hex.o(.constdata)
    tenpwrs_x                                0x000053fc   Data          60  bigflt0.o(.constdata)
    .constdata                               0x000053fc   Section      148  bigflt0.o(.constdata)
    tenpwrs_i                                0x00005438   Data          64  bigflt0.o(.constdata)
    gSPI_0_clockConfig                       0x00005490   Data           2  ti_msp_dl_config.o(.rodata.gSPI_0_clockConfig)
    [Anonymous Symbol]                       0x00005490   Section        0  ti_msp_dl_config.o(.rodata.gSPI_0_clockConfig)
    gSPI_0_config                            0x00005492   Data          10  ti_msp_dl_config.o(.rodata.gSPI_0_config)
    [Anonymous Symbol]                       0x00005492   Section        0  ti_msp_dl_config.o(.rodata.gSPI_0_config)
    gUART_0ClockConfig                       0x0000549c   Data           2  ti_msp_dl_config.o(.rodata.gUART_0ClockConfig)
    [Anonymous Symbol]                       0x0000549c   Section        0  ti_msp_dl_config.o(.rodata.gUART_0ClockConfig)
    gUART_0Config                            0x0000549e   Data          10  ti_msp_dl_config.o(.rodata.gUART_0Config)
    [Anonymous Symbol]                       0x0000549e   Section        0  ti_msp_dl_config.o(.rodata.gUART_0Config)
    [Anonymous Symbol]                       0x000054a8   Section        0  empty.o(.rodata.str1.1)
    locale$$data                             0x00005560   Section       28  lc_numeric_c.o(locale$$data)
    __lcnum_c_name                           0x00005564   Data           2  lc_numeric_c.o(locale$$data)
    __lcnum_c_start                          0x0000556c   Data           0  lc_numeric_c.o(locale$$data)
    __lcnum_c_point                          0x00005578   Data           0  lc_numeric_c.o(locale$$data)
    __lcnum_c_thousands                      0x0000557a   Data           0  lc_numeric_c.o(locale$$data)
    __lcnum_c_grouping                       0x0000557b   Data           0  lc_numeric_c.o(locale$$data)
    __lcnum_c_end                            0x0000557c   Data           0  lc_numeric_c.o(locale$$data)
    locale$$data                             0x0000557c   Section      272  lc_ctype_c.o(locale$$data)
    __lcctype_c_name                         0x00005580   Data           2  lc_ctype_c.o(locale$$data)
    __lcctype_c_start                        0x00005588   Data           0  lc_ctype_c.o(locale$$data)
    __lcctype_c_end                          0x0000568c   Data           0  lc_ctype_c.o(locale$$data)
    REG_BANK_SEL                             0x20200000   Data           1  icm42688.o(.data.REG_BANK_SEL)
    [Anonymous Symbol]                       0x20200000   Section        0  icm42688.o(.data.REG_BANK_SEL)
    UB0_REG_ACCEL_CONFIG0                    0x20200001   Data           1  icm42688.o(.data.UB0_REG_ACCEL_CONFIG0)
    [Anonymous Symbol]                       0x20200001   Section        0  icm42688.o(.data.UB0_REG_ACCEL_CONFIG0)
    UB0_REG_DEVICE_CONFIG                    0x20200002   Data           1  icm42688.o(.data.UB0_REG_DEVICE_CONFIG)
    [Anonymous Symbol]                       0x20200002   Section        0  icm42688.o(.data.UB0_REG_DEVICE_CONFIG)
    UB0_REG_FIFO_CONFIG                      0x20200003   Data           1  icm42688.o(.data.UB0_REG_FIFO_CONFIG)
    [Anonymous Symbol]                       0x20200003   Section        0  icm42688.o(.data.UB0_REG_FIFO_CONFIG)
    UB0_REG_FIFO_COUNTH                      0x20200004   Data           1  icm42688.o(.data.UB0_REG_FIFO_COUNTH)
    [Anonymous Symbol]                       0x20200004   Section        0  icm42688.o(.data.UB0_REG_FIFO_COUNTH)
    UB0_REG_FIFO_DATA                        0x20200005   Data           1  icm42688.o(.data.UB0_REG_FIFO_DATA)
    [Anonymous Symbol]                       0x20200005   Section        0  icm42688.o(.data.UB0_REG_FIFO_DATA)
    UB0_REG_GYRO_CONFIG0                     0x20200006   Data           1  icm42688.o(.data.UB0_REG_GYRO_CONFIG0)
    [Anonymous Symbol]                       0x20200006   Section        0  icm42688.o(.data.UB0_REG_GYRO_CONFIG0)
    UB0_REG_INT_CONFIG                       0x20200007   Data           1  icm42688.o(.data.UB0_REG_INT_CONFIG)
    [Anonymous Symbol]                       0x20200007   Section        0  icm42688.o(.data.UB0_REG_INT_CONFIG)
    UB0_REG_INT_CONFIG1                      0x20200008   Data           1  icm42688.o(.data.UB0_REG_INT_CONFIG1)
    [Anonymous Symbol]                       0x20200008   Section        0  icm42688.o(.data.UB0_REG_INT_CONFIG1)
    UB0_REG_INT_SOURCE0                      0x20200009   Data           1  icm42688.o(.data.UB0_REG_INT_SOURCE0)
    [Anonymous Symbol]                       0x20200009   Section        0  icm42688.o(.data.UB0_REG_INT_SOURCE0)
    UB0_REG_PWR_MGMT0                        0x2020000a   Data           1  icm42688.o(.data.UB0_REG_PWR_MGMT0)
    [Anonymous Symbol]                       0x2020000a   Section        0  icm42688.o(.data.UB0_REG_PWR_MGMT0)
    UB0_REG_TEMP_DATA1                       0x2020000b   Data           1  icm42688.o(.data.UB0_REG_TEMP_DATA1)
    [Anonymous Symbol]                       0x2020000b   Section        0  icm42688.o(.data.UB0_REG_TEMP_DATA1)
    UB0_REG_WHO_AM_I                         0x2020000c   Data           1  icm42688.o(.data.UB0_REG_WHO_AM_I)
    [Anonymous Symbol]                       0x2020000c   Section        0  icm42688.o(.data.UB0_REG_WHO_AM_I)
    UB1_REG_GYRO_CONFIG_STATIC2              0x2020000d   Data           1  icm42688.o(.data.UB1_REG_GYRO_CONFIG_STATIC2)
    [Anonymous Symbol]                       0x2020000d   Section        0  icm42688.o(.data.UB1_REG_GYRO_CONFIG_STATIC2)
    UB2_REG_ACCEL_CONFIG_STATIC2             0x2020000e   Data           1  icm42688.o(.data.UB2_REG_ACCEL_CONFIG_STATIC2)
    [Anonymous Symbol]                       0x2020000e   Section        0  icm42688.o(.data.UB2_REG_ACCEL_CONFIG_STATIC2)
    .bss                                     0x20200010   Section       96  libspace.o(.bss)
    buffer                                   0x202006b0   Data         256  uart_driver.o(.bss.buffer)
    [Anonymous Symbol]                       0x202006b0   Section        0  uart_driver.o(.bss.buffer)
    Heap_Mem                                 0x20201ed0   Data           0  startup_mspm0g350x_uvision.o(HEAP)
    Stack_Mem                                0x20201ed0   Data         768  startup_mspm0g350x_uvision.o(STACK)
    HEAP                                     0x20201ed0   Section        0  startup_mspm0g350x_uvision.o(HEAP)
    STACK                                    0x20201ed0   Section      768  startup_mspm0g350x_uvision.o(STACK)
    __initial_sp                             0x202021d0   Data           0  startup_mspm0g350x_uvision.o(STACK)

    Global Symbols

    Symbol Name                              Value     Ov Type        Size  Object(Section)

    BuildAttributes$$THM_ISAv3M$S$PE$A:L22$X:L11$S22$IEEE1$IW$~IW$USESV6$~STKCKD$USESV7$~SHL$OTIME$ROPI$IEEEX$EBA8$UX$STANDARDLIB$REQ8$PRES8$EABIv2 0x00000000   Number         0  anon$$obj.o ABSOLUTE
    __Vectors                                0x00000000   Data           4  startup_mspm0g350x_uvision.o(RESET)
    _printf_flags                            0x00000000   Number         0  printf_stubs.o ABSOLUTE
    _printf_return_value                     0x00000000   Number         0  printf_stubs.o ABSOLUTE
    _printf_sizespec                         0x00000000   Number         0  printf_stubs.o ABSOLUTE
    _printf_widthprec                        0x00000000   Number         0  printf_stubs.o ABSOLUTE
    __ARM_exceptions_init                     - Undefined Weak Reference
    __alloca_initialize                       - Undefined Weak Reference
    __arm_preinit_                            - Undefined Weak Reference
    __arm_relocate_pie_                       - Undefined Weak Reference
    __cpp_initialize__aeabi_                  - Undefined Weak Reference
    __cxa_finalize                            - Undefined Weak Reference
    __sigvec_lookup                           - Undefined Weak Reference
    __user_heap_extent                        - Undefined Weak Reference
    _atexit_init                              - Undefined Weak Reference
    _call_atexit_fns                          - Undefined Weak Reference
    _clock_init                               - Undefined Weak Reference
    _fp_trap_init                             - Undefined Weak Reference
    _fp_trap_shutdown                         - Undefined Weak Reference
    _get_lc_collate                           - Undefined Weak Reference
    _get_lc_monetary                          - Undefined Weak Reference
    _get_lc_time                              - Undefined Weak Reference
    _getenv_init                              - Undefined Weak Reference
    _handle_redirection                       - Undefined Weak Reference
    _initio                                   - Undefined Weak Reference
    _mutex_acquire                            - Undefined Weak Reference
    _mutex_free                               - Undefined Weak Reference
    _mutex_release                            - Undefined Weak Reference
    _printf_mbtowc                            - Undefined Weak Reference
    _printf_wc                                - Undefined Weak Reference
    _rand_init                                - Undefined Weak Reference
    _signal_finish                            - Undefined Weak Reference
    _signal_init                              - Undefined Weak Reference
    _terminateio                              - Undefined Weak Reference
    __Vectors_End                            0x000000c0   Data           0  startup_mspm0g350x_uvision.o(RESET)
    __Vectors_Size                           0x000000c0   Number         0  startup_mspm0g350x_uvision.o ABSOLUTE
    __main                                   0x000000c1   Thumb Code     8  __main.o(!!!main)
    __scatterload                            0x000000c9   Thumb Code     0  __scatter.o(!!!scatter)
    __scatterload_rt2                        0x000000c9   Thumb Code    74  __scatter.o(!!!scatter)
    __scatterload_rt2_thumb_only             0x000000c9   Thumb Code     0  __scatter.o(!!!scatter)
    __scatterload_loop                       0x000000d3   Thumb Code     0  __scatter.o(!!!scatter)
    __scatterload_copy                       0x00000121   Thumb Code    26  __scatter_copy.o(!!handler_copy)
    __scatterload_null                       0x00000141   Thumb Code     2  __scatter.o(!!handler_null)
    __scatterload_zeroinit                   0x00000149   Thumb Code    28  __scatter_zi.o(!!handler_zi)
    _printf_percent                          0x00000165   Thumb Code     0  _printf_percent.o(.ARM.Collect$$_printf_percent$$00000000)
    _printf_n                                0x00000167   Thumb Code     0  _printf_n.o(.ARM.Collect$$_printf_percent$$00000001)
    _printf_p                                0x00000171   Thumb Code     0  _printf_p.o(.ARM.Collect$$_printf_percent$$00000002)
    _printf_f                                0x0000017b   Thumb Code     0  _printf_f.o(.ARM.Collect$$_printf_percent$$00000003)
    _printf_e                                0x00000185   Thumb Code     0  _printf_e.o(.ARM.Collect$$_printf_percent$$00000004)
    _printf_g                                0x0000018f   Thumb Code     0  _printf_g.o(.ARM.Collect$$_printf_percent$$00000005)
    _printf_a                                0x00000199   Thumb Code     0  _printf_a.o(.ARM.Collect$$_printf_percent$$00000006)
    _printf_ll                               0x000001a3   Thumb Code     0  _printf_ll.o(.ARM.Collect$$_printf_percent$$00000007)
    _printf_i                                0x000001ad   Thumb Code     0  _printf_i.o(.ARM.Collect$$_printf_percent$$00000008)
    _printf_d                                0x000001b7   Thumb Code     0  _printf_d.o(.ARM.Collect$$_printf_percent$$00000009)
    _printf_u                                0x000001c1   Thumb Code     0  _printf_u.o(.ARM.Collect$$_printf_percent$$0000000A)
    _printf_o                                0x000001cb   Thumb Code     0  _printf_o.o(.ARM.Collect$$_printf_percent$$0000000B)
    _printf_x                                0x000001d5   Thumb Code     0  _printf_x.o(.ARM.Collect$$_printf_percent$$0000000C)
    _printf_lli                              0x000001df   Thumb Code     0  _printf_lli.o(.ARM.Collect$$_printf_percent$$0000000D)
    _printf_lld                              0x000001e9   Thumb Code     0  _printf_lld.o(.ARM.Collect$$_printf_percent$$0000000E)
    _printf_llu                              0x000001f3   Thumb Code     0  _printf_llu.o(.ARM.Collect$$_printf_percent$$0000000F)
    _printf_llo                              0x000001fd   Thumb Code     0  _printf_llo.o(.ARM.Collect$$_printf_percent$$00000010)
    _printf_llx                              0x00000207   Thumb Code     0  _printf_llx.o(.ARM.Collect$$_printf_percent$$00000011)
    _printf_l                                0x00000211   Thumb Code     0  _printf_l.o(.ARM.Collect$$_printf_percent$$00000012)
    _printf_c                                0x0000021b   Thumb Code     0  _printf_c.o(.ARM.Collect$$_printf_percent$$00000013)
    _printf_s                                0x00000225   Thumb Code     0  _printf_s.o(.ARM.Collect$$_printf_percent$$00000014)
    _printf_lc                               0x0000022f   Thumb Code     0  _printf_lc.o(.ARM.Collect$$_printf_percent$$00000015)
    _printf_ls                               0x00000239   Thumb Code     0  _printf_ls.o(.ARM.Collect$$_printf_percent$$00000016)
    _printf_percent_end                      0x00000243   Thumb Code     0  _printf_percent_end.o(.ARM.Collect$$_printf_percent$$00000017)
    __rt_lib_init                            0x00000247   Thumb Code     0  libinit.o(.ARM.Collect$$libinit$$00000000)
    __rt_lib_init_fp_1                       0x00000249   Thumb Code     0  libinit2.o(.ARM.Collect$$libinit$$00000002)
    __rt_lib_init_heap_1                     0x00000249   Thumb Code     0  libinit2.o(.ARM.Collect$$libinit$$0000000C)
    __rt_lib_init_lc_common                  0x00000249   Thumb Code     0  libinit2.o(.ARM.Collect$$libinit$$00000011)
    __rt_lib_init_preinit_1                  0x00000249   Thumb Code     0  libinit2.o(.ARM.Collect$$libinit$$00000006)
    __rt_lib_init_rand_1                     0x00000249   Thumb Code     0  libinit2.o(.ARM.Collect$$libinit$$00000010)
    __rt_lib_init_relocate_pie_1             0x00000249   Thumb Code     0  libinit2.o(.ARM.Collect$$libinit$$00000004)
    __rt_lib_init_user_alloc_1               0x00000249   Thumb Code     0  libinit2.o(.ARM.Collect$$libinit$$0000000E)
    __rt_lib_init_lc_collate_1               0x0000024f   Thumb Code     0  libinit2.o(.ARM.Collect$$libinit$$00000013)
    __rt_lib_init_lc_ctype_2                 0x0000024f   Thumb Code     0  libinit2.o(.ARM.Collect$$libinit$$00000014)
    __rt_lib_init_lc_ctype_1                 0x0000025b   Thumb Code     0  libinit2.o(.ARM.Collect$$libinit$$00000015)
    __rt_lib_init_lc_monetary_1              0x0000025b   Thumb Code     0  libinit2.o(.ARM.Collect$$libinit$$00000017)
    __rt_lib_init_lc_numeric_2               0x0000025b   Thumb Code     0  libinit2.o(.ARM.Collect$$libinit$$00000018)
    __rt_lib_init_alloca_1                   0x00000265   Thumb Code     0  libinit2.o(.ARM.Collect$$libinit$$00000030)
    __rt_lib_init_argv_1                     0x00000265   Thumb Code     0  libinit2.o(.ARM.Collect$$libinit$$0000002E)
    __rt_lib_init_atexit_1                   0x00000265   Thumb Code     0  libinit2.o(.ARM.Collect$$libinit$$0000001D)
    __rt_lib_init_clock_1                    0x00000265   Thumb Code     0  libinit2.o(.ARM.Collect$$libinit$$00000023)
    __rt_lib_init_cpp_1                      0x00000265   Thumb Code     0  libinit2.o(.ARM.Collect$$libinit$$00000034)
    __rt_lib_init_exceptions_1               0x00000265   Thumb Code     0  libinit2.o(.ARM.Collect$$libinit$$00000032)
    __rt_lib_init_fp_trap_1                  0x00000265   Thumb Code     0  libinit2.o(.ARM.Collect$$libinit$$00000021)
    __rt_lib_init_getenv_1                   0x00000265   Thumb Code     0  libinit2.o(.ARM.Collect$$libinit$$00000025)
    __rt_lib_init_lc_numeric_1               0x00000265   Thumb Code     0  libinit2.o(.ARM.Collect$$libinit$$00000019)
    __rt_lib_init_lc_time_1                  0x00000265   Thumb Code     0  libinit2.o(.ARM.Collect$$libinit$$0000001B)
    __rt_lib_init_return                     0x00000265   Thumb Code     0  libinit2.o(.ARM.Collect$$libinit$$00000035)
    __rt_lib_init_signal_1                   0x00000265   Thumb Code     0  libinit2.o(.ARM.Collect$$libinit$$0000001F)
    __rt_lib_init_stdio_1                    0x00000265   Thumb Code     0  libinit2.o(.ARM.Collect$$libinit$$00000027)
    __rt_lib_shutdown                        0x00000267   Thumb Code     0  libshutdown.o(.ARM.Collect$$libshutdown$$00000000)
    __rt_lib_shutdown_cpp_1                  0x00000269   Thumb Code     0  libshutdown2.o(.ARM.Collect$$libshutdown$$00000002)
    __rt_lib_shutdown_fp_trap_1              0x00000269   Thumb Code     0  libshutdown2.o(.ARM.Collect$$libshutdown$$00000007)
    __rt_lib_shutdown_heap_1                 0x00000269   Thumb Code     0  libshutdown2.o(.ARM.Collect$$libshutdown$$0000000F)
    __rt_lib_shutdown_return                 0x00000269   Thumb Code     0  libshutdown2.o(.ARM.Collect$$libshutdown$$00000010)
    __rt_lib_shutdown_signal_1               0x00000269   Thumb Code     0  libshutdown2.o(.ARM.Collect$$libshutdown$$0000000A)
    __rt_lib_shutdown_stdio_1                0x00000269   Thumb Code     0  libshutdown2.o(.ARM.Collect$$libshutdown$$00000004)
    __rt_lib_shutdown_user_alloc_1           0x00000269   Thumb Code     0  libshutdown2.o(.ARM.Collect$$libshutdown$$0000000C)
    __rt_entry                               0x0000026b   Thumb Code     0  __rtentry.o(.ARM.Collect$$rtentry$$00000000)
    __rt_entry_presh_1                       0x0000026b   Thumb Code     0  __rtentry2.o(.ARM.Collect$$rtentry$$00000002)
    __rt_entry_sh                            0x0000026b   Thumb Code     0  __rtentry4.o(.ARM.Collect$$rtentry$$00000004)
    __rt_entry_li                            0x00000271   Thumb Code     0  __rtentry2.o(.ARM.Collect$$rtentry$$0000000A)
    __rt_entry_postsh_1                      0x00000271   Thumb Code     0  __rtentry2.o(.ARM.Collect$$rtentry$$00000009)
    __rt_entry_main                          0x00000275   Thumb Code     0  __rtentry2.o(.ARM.Collect$$rtentry$$0000000D)
    __rt_entry_postli_1                      0x00000275   Thumb Code     0  __rtentry2.o(.ARM.Collect$$rtentry$$0000000C)
    __rt_exit                                0x0000027d   Thumb Code     0  rtexit.o(.ARM.Collect$$rtexit$$00000000)
    __rt_exit_ls                             0x0000027f   Thumb Code     0  rtexit2.o(.ARM.Collect$$rtexit$$00000003)
    __rt_exit_prels_1                        0x0000027f   Thumb Code     0  rtexit2.o(.ARM.Collect$$rtexit$$00000002)
    __rt_exit_exit                           0x00000283   Thumb Code     0  rtexit2.o(.ARM.Collect$$rtexit$$00000004)
    __aeabi_memcpy4                          0x00000289   Thumb Code    56  rt_memcpy.o(.emb_text)
    __aeabi_memcpy8                          0x00000289   Thumb Code     0  rt_memcpy.o(.emb_text)
    Reset_Handler                            0x000002c1   Thumb Code     4  startup_mspm0g350x_uvision.o(.text)
    NMI_Handler                              0x000002c5   Thumb Code     2  startup_mspm0g350x_uvision.o(.text)
    SVC_Handler                              0x000002c9   Thumb Code     2  startup_mspm0g350x_uvision.o(.text)
    PendSV_Handler                           0x000002cb   Thumb Code     2  startup_mspm0g350x_uvision.o(.text)
    SysTick_Handler                          0x000002cd   Thumb Code     2  startup_mspm0g350x_uvision.o(.text)
    ADC0_IRQHandler                          0x000002cf   Thumb Code     0  startup_mspm0g350x_uvision.o(.text)
    ADC1_IRQHandler                          0x000002cf   Thumb Code     0  startup_mspm0g350x_uvision.o(.text)
    AES_IRQHandler                           0x000002cf   Thumb Code     0  startup_mspm0g350x_uvision.o(.text)
    CANFD0_IRQHandler                        0x000002cf   Thumb Code     0  startup_mspm0g350x_uvision.o(.text)
    DAC0_IRQHandler                          0x000002cf   Thumb Code     0  startup_mspm0g350x_uvision.o(.text)
    DMA_IRQHandler                           0x000002cf   Thumb Code     0  startup_mspm0g350x_uvision.o(.text)
    Default_Handler                          0x000002cf   Thumb Code     2  startup_mspm0g350x_uvision.o(.text)
    GROUP0_IRQHandler                        0x000002cf   Thumb Code     0  startup_mspm0g350x_uvision.o(.text)
    I2C0_IRQHandler                          0x000002cf   Thumb Code     0  startup_mspm0g350x_uvision.o(.text)
    I2C1_IRQHandler                          0x000002cf   Thumb Code     0  startup_mspm0g350x_uvision.o(.text)
    RTC_IRQHandler                           0x000002cf   Thumb Code     0  startup_mspm0g350x_uvision.o(.text)
    SPI0_IRQHandler                          0x000002cf   Thumb Code     0  startup_mspm0g350x_uvision.o(.text)
    SPI1_IRQHandler                          0x000002cf   Thumb Code     0  startup_mspm0g350x_uvision.o(.text)
    TIMA0_IRQHandler                         0x000002cf   Thumb Code     0  startup_mspm0g350x_uvision.o(.text)
    TIMA1_IRQHandler                         0x000002cf   Thumb Code     0  startup_mspm0g350x_uvision.o(.text)
    TIMG0_IRQHandler                         0x000002cf   Thumb Code     0  startup_mspm0g350x_uvision.o(.text)
    TIMG12_IRQHandler                        0x000002cf   Thumb Code     0  startup_mspm0g350x_uvision.o(.text)
    TIMG6_IRQHandler                         0x000002cf   Thumb Code     0  startup_mspm0g350x_uvision.o(.text)
    TIMG7_IRQHandler                         0x000002cf   Thumb Code     0  startup_mspm0g350x_uvision.o(.text)
    TIMG8_IRQHandler                         0x000002cf   Thumb Code     0  startup_mspm0g350x_uvision.o(.text)
    UART0_IRQHandler                         0x000002cf   Thumb Code     0  startup_mspm0g350x_uvision.o(.text)
    UART1_IRQHandler                         0x000002cf   Thumb Code     0  startup_mspm0g350x_uvision.o(.text)
    UART2_IRQHandler                         0x000002cf   Thumb Code     0  startup_mspm0g350x_uvision.o(.text)
    UART3_IRQHandler                         0x000002cf   Thumb Code     0  startup_mspm0g350x_uvision.o(.text)
    __user_initial_stackheap                 0x000002d1   Thumb Code    10  startup_mspm0g350x_uvision.o(.text)
    vsnprintf                                0x000002ed   Thumb Code    56  vsnprintf.o(.text)
    _memset_w                                0x00000329   Thumb Code    26  rt_memclr.o(.text)
    _memset                                  0x00000343   Thumb Code    30  rt_memclr.o(.text)
    __aeabi_memclr                           0x00000361   Thumb Code     4  rt_memclr.o(.text)
    __rt_memclr                              0x00000361   Thumb Code     0  rt_memclr.o(.text)
    __aeabi_memclr4                          0x00000365   Thumb Code     0  rt_memclr.o(.text)
    __aeabi_memclr8                          0x00000365   Thumb Code     0  rt_memclr.o(.text)
    __rt_memclr_w                            0x00000365   Thumb Code     4  rt_memclr.o(.text)
    __aeabi_uidivmod                         0x00000369   Thumb Code    28  aeabi_sdivfast.o(.text)
    __aeabi_idivmod                          0x00000385   Thumb Code   472  aeabi_sdivfast.o(.text)
    __use_two_region_memory                  0x00000561   Thumb Code     2  heapauxi.o(.text)
    __rt_heap_escrow                         0x00000563   Thumb Code     2  heapauxi.o(.text)
    __rt_heap_expand                         0x00000565   Thumb Code     2  heapauxi.o(.text)
    __aeabi_f2d                              0x00000569   Thumb Code     0  f2d.o(.text)
    __extendsfdf2                            0x00000569   Thumb Code     0  f2d.o(.text)
    _f2d                                     0x00000569   Thumb Code    80  f2d.o(.text)
    __aeabi_fdiv                             0x000005bd   Thumb Code     0  fdiv.o(.text)
    __divsf3                                 0x000005bd   Thumb Code     0  fdiv.o(.text)
    _fdiv                                    0x000005bd   Thumb Code   334  fdiv.o(.text)
    _frdiv                                   0x0000070b   Thumb Code     8  fdiv.o(.text)
    __aeabi_f2iz                             0x0000071d   Thumb Code     0  ffixi.o(.text)
    _ffix                                    0x0000071d   Thumb Code    76  ffixi.o(.text)
    __aeabi_i2f_normalise                    0x00000769   Thumb Code    72  fflti.o(.text)
    __aeabi_i2f                              0x000007b1   Thumb Code    16  fflti.o(.text)
    _fflt                                    0x000007b1   Thumb Code     0  fflti.o(.text)
    __aeabi_ui2f                             0x000007c1   Thumb Code     6  fflti.o(.text)
    _ffltu                                   0x000007c1   Thumb Code     0  fflti.o(.text)
    __read_errno                             0x000007c7   Thumb Code    10  _rserrno.o(.text)
    __set_errno                              0x000007d1   Thumb Code    12  _rserrno.o(.text)
    _printf_pre_padding                      0x000007dd   Thumb Code    44  _printf_pad.o(.text)
    _printf_post_padding                     0x00000809   Thumb Code    34  _printf_pad.o(.text)
    _printf_truncate_signed                  0x0000082b   Thumb Code    18  _printf_truncate.o(.text)
    _printf_truncate_unsigned                0x0000083d   Thumb Code    18  _printf_truncate.o(.text)
    _printf_str                              0x0000084f   Thumb Code    82  _printf_str.o(.text)
    _printf_int_dec                          0x000008a1   Thumb Code    90  _printf_dec.o(.text)
    _printf_charcount                        0x0000090d   Thumb Code    38  _printf_charcount.o(.text)
    _printf_char_common                      0x0000093f   Thumb Code    32  _printf_char_common.o(.text)
    _snputc                                  0x00000965   Thumb Code    16  _snputc.o(.text)
    _printf_wctomb                           0x00000975   Thumb Code   182  _printf_wctomb.o(.text)
    _printf_longlong_dec                     0x00000a31   Thumb Code    94  _printf_longlong_dec.o(.text)
    _printf_longlong_oct                     0x00000aa1   Thumb Code    68  _printf_oct_int_ll.o(.text)
    _printf_int_oct                          0x00000ae5   Thumb Code    24  _printf_oct_int_ll.o(.text)
    _printf_ll_oct                           0x00000afd   Thumb Code    10  _printf_oct_int_ll.o(.text)
    _printf_longlong_hex                     0x00000b11   Thumb Code    88  _printf_hex_int_ll_ptr.o(.text)
    _printf_int_hex                          0x00000b69   Thumb Code    28  _printf_hex_int_ll_ptr.o(.text)
    _printf_ll_hex                           0x00000b85   Thumb Code    10  _printf_hex_int_ll_ptr.o(.text)
    _printf_hex_ptr                          0x00000b8f   Thumb Code    22  _printf_hex_int_ll_ptr.o(.text)
    __printf                                 0x00000ba9   Thumb Code   386  __printf_flags_ss_wp.o(.text)
    _frnd                                    0x00000d31   Thumb Code   122  frnd.o(.text)
    __ARM_scalbnf                            0x00000db1   Thumb Code    64  fscalbn.o(.text)
    _fsqrt                                   0x00000df5   Thumb Code   140  fsqrt.o(.text)
    __aeabi_errno_addr                       0x00000e85   Thumb Code     8  rt_errno_addr_intlibspace.o(.text)
    __errno$intlibspace                      0x00000e85   Thumb Code     0  rt_errno_addr_intlibspace.o(.text)
    __rt_errno_addr$intlibspace              0x00000e85   Thumb Code     0  rt_errno_addr_intlibspace.o(.text)
    _ll_udiv10                               0x00000e8d   Thumb Code   122  lludiv10.o(.text)
    _printf_int_common                       0x00000f07   Thumb Code   176  _printf_intcommon.o(.text)
    _printf_fp_dec_real                      0x00001155   Thumb Code   620  _printf_fp_dec.o(.text)
    _printf_fp_hex_real                      0x000013cd   Thumb Code   718  _printf_fp_hex.o(.text)
    _printf_cs_common                        0x000016a5   Thumb Code    22  _printf_char.o(.text)
    _printf_char                             0x000016bb   Thumb Code    16  _printf_char.o(.text)
    _printf_string                           0x000016cb   Thumb Code     8  _printf_char.o(.text)
    _printf_lcs_common                       0x000016d3   Thumb Code    22  _printf_wchar.o(.text)
    _printf_wchar                            0x000016e9   Thumb Code    16  _printf_wchar.o(.text)
    _printf_wstring                          0x000016f9   Thumb Code     8  _printf_wchar.o(.text)
    _c16rtomb                                0x00001701   Thumb Code    66  _c16rtomb.o(.text)
    _wcrtomb                                 0x00001701   Thumb Code     0  _c16rtomb.o(.text)
    __rt_udiv10                              0x00001743   Thumb Code    40  rtudiv10.o(.text)
    __fpl_fcmp_InfNaN                        0x0000176d   Thumb Code    96  fcmpin.o(.text)
    __user_libspace                          0x000017d1   Thumb Code     8  libspace.o(.text)
    __user_perproc_libspace                  0x000017d1   Thumb Code     0  libspace.o(.text)
    __user_perthread_libspace                0x000017d1   Thumb Code     0  libspace.o(.text)
    __user_setup_stackheap                   0x000017d9   Thumb Code    62  sys_stackheap_outer.o(.text)
    __rt_ctype_table                         0x00001819   Thumb Code    16  rt_ctype_table.o(.text)
    __rt_locale                              0x00001829   Thumb Code     8  rt_locale_intlibspace.o(.text)
    _printf_fp_infnan                        0x00001831   Thumb Code   120  _printf_fp_infnan.o(.text)
    _btod_etento                             0x000018b9   Thumb Code   210  bigflt0.o(.text)
    _btod_d2e                                0x00001991   Thumb Code    64  btod.o(.text)
    _btod_emul                               0x00001dc5   Thumb Code    28  btod.o(.text)
    _btod_emuld                              0x00001de1   Thumb Code   144  btod.o(.text)
    _btod_ediv                               0x00001e71   Thumb Code    26  btod.o(.text)
    _btod_edivd                              0x00001e8b   Thumb Code   124  btod.o(.text)
    exit                                     0x00001f11   Thumb Code    16  exit.o(.text)
    __fpl_cmpreturn                          0x00001f21   Thumb Code    46  cmpret.o(.text)
    __fpl_fcheck_NaN2                        0x00001f51   Thumb Code    10  fnan2.o(.text)
    strcmp                                   0x00001f61   Thumb Code   176  strcmpv6m.o(.text)
    __fpl_return_NaN                         0x00002011   Thumb Code    94  retnan.o(.text)
    _sys_exit                                0x00002071   Thumb Code     8  sys_exit.o(.text)
    __I$use$semihosting                      0x0000207d   Thumb Code     0  use_no_semi.o(.text)
    __use_no_semihosting_swi                 0x0000207d   Thumb Code     2  use_no_semi.o(.text)
    DL_Common_delayCycles                    0x0000207f   Thumb Code    10  dl_common.o(.text.DL_Common_delayCycles)
    __semihosting_library_function           0x0000207f   Thumb Code     0  indicate_semi.o(.text)
    DL_SPI_init                              0x0000223d   Thumb Code    68  dl_spi.o(.text.DL_SPI_init)
    DL_SPI_setClockConfig                    0x000022ed   Thumb Code    18  dl_spi.o(.text.DL_SPI_setClockConfig)
    DL_UART_init                             0x00002421   Thumb Code    72  dl_uart.o(.text.DL_UART_init)
    DL_UART_setClockConfig                   0x000024cd   Thumb Code    18  dl_uart.o(.text.DL_UART_setClockConfig)
    DL_UART_transmitDataBlocking             0x00002549   Thumb Code    20  dl_uart.o(.text.DL_UART_transmitDataBlocking)
    GROUP1_IRQHandler                        0x0000255d   Thumb Code    28  empty.o(.text.GROUP1_IRQHandler)
    HardFault_Handler                        0x0000257d   Thumb Code    16  empty.o(.text.HardFault_Handler)
    SYSCFG_DL_GPIO_init                      0x00002591   Thumb Code   128  ti_msp_dl_config.o(.text.SYSCFG_DL_GPIO_init)
    SYSCFG_DL_SPI_0_init                     0x00002611   Thumb Code    52  ti_msp_dl_config.o(.text.SYSCFG_DL_SPI_0_init)
    SYSCFG_DL_SYSCTL_init                    0x0000264d   Thumb Code    38  ti_msp_dl_config.o(.text.SYSCFG_DL_SYSCTL_init)
    SYSCFG_DL_UART_0_init                    0x00002675   Thumb Code    84  ti_msp_dl_config.o(.text.SYSCFG_DL_UART_0_init)
    SYSCFG_DL_init                           0x000026d1   Thumb Code    32  ti_msp_dl_config.o(.text.SYSCFG_DL_init)
    SYSCFG_DL_initPower                      0x000026f5   Thumb Code    72  ti_msp_dl_config.o(.text.SYSCFG_DL_initPower)
    delay_ms                                 0x00002779   Thumb Code    44  delay.o(.text.delay_ms)
    delay_us                                 0x000027a5   Thumb Code    38  delay.o(.text.delay_us)
    icm42688_begin                           0x000027cd   Thumb Code   176  icm42688.o(.text.icm42688_begin)
    icm42688_calibrate_gyro                  0x00002881   Thumb Code   244  icm42688.o(.text.icm42688_calibrate_gyro)
    icm42688_enable_data_ready_interrupt     0x00002979   Thumb Code   136  icm42688.o(.text.icm42688_enable_data_ready_interrupt)
    icm42688_fifo_enable                     0x00002a0d   Thumb Code   222  icm42688.o(.text.icm42688_fifo_enable)
    icm42688_fifo_get_accel_x                0x00002aed   Thumb Code    40  icm42688.o(.text.icm42688_fifo_get_accel_x)
    icm42688_fifo_get_accel_y                0x00002b15   Thumb Code    44  icm42688.o(.text.icm42688_fifo_get_accel_y)
    icm42688_fifo_get_accel_z                0x00002b41   Thumb Code    40  icm42688.o(.text.icm42688_fifo_get_accel_z)
    icm42688_fifo_get_gyro_x                 0x00002b69   Thumb Code    44  icm42688.o(.text.icm42688_fifo_get_gyro_x)
    icm42688_fifo_get_gyro_y                 0x00002b95   Thumb Code    40  icm42688.o(.text.icm42688_fifo_get_gyro_y)
    icm42688_fifo_get_gyro_z                 0x00002bbd   Thumb Code    40  icm42688.o(.text.icm42688_fifo_get_gyro_z)
    icm42688_fifo_read                       0x00002be5   Thumb Code   700  icm42688.o(.text.icm42688_fifo_read)
    icm42688_fifo_stream_to_fifo             0x00002ec5   Thumb Code    44  icm42688.o(.text.icm42688_fifo_stream_to_fifo)
    icm42688_get_agt                         0x00002ef5   Thumb Code   328  icm42688.o(.text.icm42688_get_agt)
    icm42688_get_raw_agt                     0x00003045   Thumb Code   152  icm42688.o(.text.icm42688_get_raw_agt)
    icm42688_init_hal                        0x000030e1   Thumb Code    72  icm42688.o(.text.icm42688_init_hal)
    icm42688_reset                           0x00003185   Thumb Code    52  icm42688.o(.text.icm42688_reset)
    icm42688_set_accel_fs                    0x000031bd   Thumb Code   144  icm42688.o(.text.icm42688_set_accel_fs)
    icm42688_set_accel_odr                   0x0000324d   Thumb Code    88  icm42688.o(.text.icm42688_set_accel_odr)
    icm42688_set_filters                     0x000032f1   Thumb Code   228  icm42688.o(.text.icm42688_set_filters)
    icm42688_set_gyro_fs                     0x000033dd   Thumb Code   148  icm42688.o(.text.icm42688_set_gyro_fs)
    icm42688_set_gyro_odr                    0x00003475   Thumb Code    88  icm42688.o(.text.icm42688_set_gyro_odr)
    icm42688_who_am_i                        0x000034d1   Thumb Code    68  icm42688.o(.text.icm42688_who_am_i)
    mahony_ahrs_calibrate_gyro               0x00003601   Thumb Code   220  mahony_ahrs.o(.text.mahony_ahrs_calibrate_gyro)
    mahony_ahrs_get_euler                    0x000036dd   Thumb Code   380  mahony_ahrs.o(.text.mahony_ahrs_get_euler)
    mahony_ahrs_init                         0x0000386d   Thumb Code   568  mahony_ahrs.o(.text.mahony_ahrs_init)
    mahony_ahrs_update                       0x00003ab1   Thumb Code  1322  mahony_ahrs.o(.text.mahony_ahrs_update)
    main                                     0x00003fdd   Thumb Code   608  empty.o(.text.main)
    my_get_gyro_data                         0x00004299   Thumb Code    72  empty.o(.text.my_get_gyro_data)
    my_spi_read                              0x000042e9   Thumb Code    96  icm_spi_driver.o(.text.my_spi_read)
    my_spi_write                             0x00004349   Thumb Code    96  icm_spi_driver.o(.text.my_spi_write)
    usart_printf                             0x000043ed   Thumb Code    92  uart_driver.o(.text.usart_printf)
    usart_send_bytes                         0x0000444d   Thumb Code    52  uart_driver.o(.text.usart_send_bytes)
    __aeabi_uidiv                            0x00004481   Thumb Code    68  aeabi_sdivfast.o(.text_divfast)
    __aeabi_idiv                             0x000044c5   Thumb Code   434  aeabi_sdivfast.o(.text_divfast)
    __ARM_common_ll_muluu                    0x00004677   Thumb Code    48  btod.o(i.__ARM_common_ll_muluu)
    __ARM_fpclassify                         0x000046a9   Thumb Code    40  fpclassify.o(i.__ARM_fpclassify)
    __ARM_fpclassifyf                        0x000046d5   Thumb Code    34  fpclassifyf.o(i.__ARM_fpclassifyf)
    __mathlib_flt_infnan                     0x000046f7   Thumb Code    10  funder.o(i.__mathlib_flt_infnan)
    __mathlib_flt_infnan2                    0x00004701   Thumb Code     8  funder.o(i.__mathlib_flt_infnan2)
    __mathlib_flt_invalid                    0x00004709   Thumb Code    12  funder.o(i.__mathlib_flt_invalid)
    __mathlib_flt_underflow                  0x00004715   Thumb Code    14  funder.o(i.__mathlib_flt_underflow)
    __mathlib_rredf2                         0x00004725   Thumb Code   366  rredf.o(i.__mathlib_rredf2)
    __aeabi_fcmpge                           0x000048a5   Thumb Code     0  fcmp.o(i._fgeq)
    _fgeq                                    0x000048a5   Thumb Code    22  fcmp.o(i._fgeq)
    __aeabi_fcmpgt                           0x000048bb   Thumb Code     0  fcmp.o(i._fgr)
    _fgr                                     0x000048bb   Thumb Code    22  fcmp.o(i._fgr)
    __aeabi_fcmple                           0x000048d1   Thumb Code     0  fcmp.o(i._fleq)
    _fleq                                    0x000048d1   Thumb Code    26  fcmp.o(i._fleq)
    __aeabi_fcmplt                           0x000048eb   Thumb Code     0  fcmp.o(i._fls)
    _fls                                     0x000048eb   Thumb Code    22  fcmp.o(i._fls)
    _is_digit                                0x00004901   Thumb Code    14  __printf_wp.o(i._is_digit)
    asinf                                    0x00004911   Thumb Code   242  asinf.o(i.asinf)
    atan2f                                   0x00004a29   Thumb Code   592  atan2f.o(i.atan2f)
    cosf                                     0x00004cc5   Thumb Code   318  cosf.o(i.cosf)
    sinf                                     0x00004e3d   Thumb Code   330  sinf.o(i.sinf)
    sqrtf                                    0x00004fc1   Thumb Code    44  sqrtf.o(i.sqrtf)
    _get_lc_numeric                          0x00004fed   Thumb Code    44  lc_numeric_c.o(locale$$code)
    _get_lc_ctype                            0x00005019   Thumb Code    44  lc_ctype_c.o(locale$$code)
    __aeabi_fadd                             0x00005045   Thumb Code     0  faddsub.o(x$fpl$fadd)
    _fadd                                    0x00005045   Thumb Code   134  faddsub.o(x$fpl$fadd)
    _fcmpge                                  0x000050d1   Thumb Code    78  fgef.o(x$fpl$fgeqf)
    __aeabi_cfcmple                          0x00005125   Thumb Code     0  flef.o(x$fpl$fleqf)
    _fcmple                                  0x00005125   Thumb Code    78  flef.o(x$fpl$fleqf)
    __aeabi_fmul                             0x00005179   Thumb Code     0  fmul.o(x$fpl$fmul)
    _fmul                                    0x00005179   Thumb Code   172  fmul.o(x$fpl$fmul)
    __aeabi_frsub                            0x00005229   Thumb Code     0  faddsub.o(x$fpl$frsb)
    _frsb                                    0x00005229   Thumb Code    24  faddsub.o(x$fpl$frsb)
    __aeabi_fsub                             0x00005241   Thumb Code     0  faddsub.o(x$fpl$fsub)
    _fsub                                    0x00005241   Thumb Code   204  faddsub.o(x$fpl$fsub)
    _printf_fp_dec                           0x00005311   Thumb Code    16  printf1.o(x$fpl$printf1)
    _printf_fp_hex                           0x00005321   Thumb Code    16  printf2.o(x$fpl$printf2)
    __I$use$fp                               0x00005330   Number         0  usenofp.o(x$fpl$usenofp)
    Region$$Table$$Base                      0x00005540   Number         0  anon$$obj.o(Region$$Table)
    Region$$Table$$Limit                     0x00005560   Number         0  anon$$obj.o(Region$$Table)
    __ctype                                  0x00005589   Data           0  lc_ctype_c.o(locale$$data)
    __libspace_start                         0x20200010   Data          96  libspace.o(.bss)
    __temporary_stack_top$libspace           0x20200070   Data           0  libspace.o(.bss)
    ahrs                                     0x20200070   Data          64  empty.o(.bss.ahrs)
    ax                                       0x202000b0   Data         512  empty.o(.bss.ax)
    ay                                       0x202002b0   Data         512  empty.o(.bss.ay)
    az                                       0x202004b0   Data         512  empty.o(.bss.az)
    gSPI_0Backup                             0x202007b0   Data          40  ti_msp_dl_config.o(.bss.gSPI_0Backup)
    gx                                       0x202007d8   Data         512  empty.o(.bss.gx)
    gy                                       0x202009d8   Data         512  empty.o(.bss.gy)
    gz                                       0x20200bd8   Data         512  empty.o(.bss.gz)
    imu                                      0x20200dd8   Data        4336  empty.o(.bss.imu)
    imu_int_flag                             0x20201ec8   Data           1  empty.o(.bss.imu_int_flag)



==============================================================================

Memory Map of the image

  Image Entry point : 0x000000c1

  Load Region LR_IROM1 (Base: 0x00000000, Size: 0x000056a0, Max: 0x00020000, ABSOLUTE)

    Execution Region ER_IROM1 (Exec base: 0x00000000, Load base: 0x00000000, Size: 0x0000568c, Max: 0x00020000, ABSOLUTE)

    Exec Addr    Load Addr    Size         Type   Attr      Idx    E Section Name        Object

    0x00000000   0x00000000   0x000000c0   Data   RO           33    RESET               startup_mspm0g350x_uvision.o
    0x000000c0   0x000000c0   0x00000008   Code   RO          436  * !!!main             c_p.l(__main.o)
    0x000000c8   0x000000c8   0x00000054   Code   RO         1042    !!!scatter          c_p.l(__scatter.o)
    0x0000011c   0x0000011c   0x00000004   PAD
    0x00000120   0x00000120   0x0000001a   Code   RO         1046    !!handler_copy      c_p.l(__scatter_copy.o)
    0x0000013a   0x0000013a   0x00000006   PAD
    0x00000140   0x00000140   0x00000002   Code   RO         1043    !!handler_null      c_p.l(__scatter.o)
    0x00000142   0x00000142   0x00000006   PAD
    0x00000148   0x00000148   0x0000001c   Code   RO         1048    !!handler_zi        c_p.l(__scatter_zi.o)
    0x00000164   0x00000164   0x00000002   Code   RO          602    .ARM.Collect$$_printf_percent$$00000000  c_p.l(_printf_percent.o)
    0x00000166   0x00000166   0x0000000a   Code   RO          591    .ARM.Collect$$_printf_percent$$00000001  c_p.l(_printf_n.o)
    0x00000170   0x00000170   0x0000000a   Code   RO          593    .ARM.Collect$$_printf_percent$$00000002  c_p.l(_printf_p.o)
    0x0000017a   0x0000017a   0x0000000a   Code   RO          598    .ARM.Collect$$_printf_percent$$00000003  c_p.l(_printf_f.o)
    0x00000184   0x00000184   0x0000000a   Code   RO          599    .ARM.Collect$$_printf_percent$$00000004  c_p.l(_printf_e.o)
    0x0000018e   0x0000018e   0x0000000a   Code   RO          600    .ARM.Collect$$_printf_percent$$00000005  c_p.l(_printf_g.o)
    0x00000198   0x00000198   0x0000000a   Code   RO          601    .ARM.Collect$$_printf_percent$$00000006  c_p.l(_printf_a.o)
    0x000001a2   0x000001a2   0x0000000a   Code   RO          606    .ARM.Collect$$_printf_percent$$00000007  c_p.l(_printf_ll.o)
    0x000001ac   0x000001ac   0x0000000a   Code   RO          595    .ARM.Collect$$_printf_percent$$00000008  c_p.l(_printf_i.o)
    0x000001b6   0x000001b6   0x0000000a   Code   RO          596    .ARM.Collect$$_printf_percent$$00000009  c_p.l(_printf_d.o)
    0x000001c0   0x000001c0   0x0000000a   Code   RO          597    .ARM.Collect$$_printf_percent$$0000000A  c_p.l(_printf_u.o)
    0x000001ca   0x000001ca   0x0000000a   Code   RO          594    .ARM.Collect$$_printf_percent$$0000000B  c_p.l(_printf_o.o)
    0x000001d4   0x000001d4   0x0000000a   Code   RO          592    .ARM.Collect$$_printf_percent$$0000000C  c_p.l(_printf_x.o)
    0x000001de   0x000001de   0x0000000a   Code   RO          603    .ARM.Collect$$_printf_percent$$0000000D  c_p.l(_printf_lli.o)
    0x000001e8   0x000001e8   0x0000000a   Code   RO          604    .ARM.Collect$$_printf_percent$$0000000E  c_p.l(_printf_lld.o)
    0x000001f2   0x000001f2   0x0000000a   Code   RO          605    .ARM.Collect$$_printf_percent$$0000000F  c_p.l(_printf_llu.o)
    0x000001fc   0x000001fc   0x0000000a   Code   RO          610    .ARM.Collect$$_printf_percent$$00000010  c_p.l(_printf_llo.o)
    0x00000206   0x00000206   0x0000000a   Code   RO          611    .ARM.Collect$$_printf_percent$$00000011  c_p.l(_printf_llx.o)
    0x00000210   0x00000210   0x0000000a   Code   RO          607    .ARM.Collect$$_printf_percent$$00000012  c_p.l(_printf_l.o)
    0x0000021a   0x0000021a   0x0000000a   Code   RO          589    .ARM.Collect$$_printf_percent$$00000013  c_p.l(_printf_c.o)
    0x00000224   0x00000224   0x0000000a   Code   RO          590    .ARM.Collect$$_printf_percent$$00000014  c_p.l(_printf_s.o)
    0x0000022e   0x0000022e   0x0000000a   Code   RO          608    .ARM.Collect$$_printf_percent$$00000015  c_p.l(_printf_lc.o)
    0x00000238   0x00000238   0x0000000a   Code   RO          609    .ARM.Collect$$_printf_percent$$00000016  c_p.l(_printf_ls.o)
    0x00000242   0x00000242   0x00000004   Code   RO          728    .ARM.Collect$$_printf_percent$$00000017  c_p.l(_printf_percent_end.o)
    0x00000246   0x00000246   0x00000002   Code   RO          840    .ARM.Collect$$libinit$$00000000  c_p.l(libinit.o)
    0x00000248   0x00000248   0x00000000   Code   RO          899    .ARM.Collect$$libinit$$00000002  c_p.l(libinit2.o)
    0x00000248   0x00000248   0x00000000   Code   RO          901    .ARM.Collect$$libinit$$00000004  c_p.l(libinit2.o)
    0x00000248   0x00000248   0x00000000   Code   RO          903    .ARM.Collect$$libinit$$00000006  c_p.l(libinit2.o)
    0x00000248   0x00000248   0x00000000   Code   RO          906    .ARM.Collect$$libinit$$0000000C  c_p.l(libinit2.o)
    0x00000248   0x00000248   0x00000000   Code   RO          908    .ARM.Collect$$libinit$$0000000E  c_p.l(libinit2.o)
    0x00000248   0x00000248   0x00000000   Code   RO          910    .ARM.Collect$$libinit$$00000010  c_p.l(libinit2.o)
    0x00000248   0x00000248   0x00000006   Code   RO          911    .ARM.Collect$$libinit$$00000011  c_p.l(libinit2.o)
    0x0000024e   0x0000024e   0x00000000   Code   RO          913    .ARM.Collect$$libinit$$00000013  c_p.l(libinit2.o)
    0x0000024e   0x0000024e   0x0000000c   Code   RO          914    .ARM.Collect$$libinit$$00000014  c_p.l(libinit2.o)
    0x0000025a   0x0000025a   0x00000000   Code   RO          915    .ARM.Collect$$libinit$$00000015  c_p.l(libinit2.o)
    0x0000025a   0x0000025a   0x00000000   Code   RO          917    .ARM.Collect$$libinit$$00000017  c_p.l(libinit2.o)
    0x0000025a   0x0000025a   0x0000000a   Code   RO          918    .ARM.Collect$$libinit$$00000018  c_p.l(libinit2.o)
    0x00000264   0x00000264   0x00000000   Code   RO          919    .ARM.Collect$$libinit$$00000019  c_p.l(libinit2.o)
    0x00000264   0x00000264   0x00000000   Code   RO          921    .ARM.Collect$$libinit$$0000001B  c_p.l(libinit2.o)
    0x00000264   0x00000264   0x00000000   Code   RO          923    .ARM.Collect$$libinit$$0000001D  c_p.l(libinit2.o)
    0x00000264   0x00000264   0x00000000   Code   RO          925    .ARM.Collect$$libinit$$0000001F  c_p.l(libinit2.o)
    0x00000264   0x00000264   0x00000000   Code   RO          927    .ARM.Collect$$libinit$$00000021  c_p.l(libinit2.o)
    0x00000264   0x00000264   0x00000000   Code   RO          929    .ARM.Collect$$libinit$$00000023  c_p.l(libinit2.o)
    0x00000264   0x00000264   0x00000000   Code   RO          931    .ARM.Collect$$libinit$$00000025  c_p.l(libinit2.o)
    0x00000264   0x00000264   0x00000000   Code   RO          933    .ARM.Collect$$libinit$$00000027  c_p.l(libinit2.o)
    0x00000264   0x00000264   0x00000000   Code   RO          937    .ARM.Collect$$libinit$$0000002E  c_p.l(libinit2.o)
    0x00000264   0x00000264   0x00000000   Code   RO          939    .ARM.Collect$$libinit$$00000030  c_p.l(libinit2.o)
    0x00000264   0x00000264   0x00000000   Code   RO          941    .ARM.Collect$$libinit$$00000032  c_p.l(libinit2.o)
    0x00000264   0x00000264   0x00000000   Code   RO          943    .ARM.Collect$$libinit$$00000034  c_p.l(libinit2.o)
    0x00000264   0x00000264   0x00000002   Code   RO          944    .ARM.Collect$$libinit$$00000035  c_p.l(libinit2.o)
    0x00000266   0x00000266   0x00000002   Code   RO         1006    .ARM.Collect$$libshutdown$$00000000  c_p.l(libshutdown.o)
    0x00000268   0x00000268   0x00000000   Code   RO         1026    .ARM.Collect$$libshutdown$$00000002  c_p.l(libshutdown2.o)
    0x00000268   0x00000268   0x00000000   Code   RO         1028    .ARM.Collect$$libshutdown$$00000004  c_p.l(libshutdown2.o)
    0x00000268   0x00000268   0x00000000   Code   RO         1031    .ARM.Collect$$libshutdown$$00000007  c_p.l(libshutdown2.o)
    0x00000268   0x00000268   0x00000000   Code   RO         1034    .ARM.Collect$$libshutdown$$0000000A  c_p.l(libshutdown2.o)
    0x00000268   0x00000268   0x00000000   Code   RO         1036    .ARM.Collect$$libshutdown$$0000000C  c_p.l(libshutdown2.o)
    0x00000268   0x00000268   0x00000000   Code   RO         1039    .ARM.Collect$$libshutdown$$0000000F  c_p.l(libshutdown2.o)
    0x00000268   0x00000268   0x00000002   Code   RO         1040    .ARM.Collect$$libshutdown$$00000010  c_p.l(libshutdown2.o)
    0x0000026a   0x0000026a   0x00000000   Code   RO          514    .ARM.Collect$$rtentry$$00000000  c_p.l(__rtentry.o)
    0x0000026a   0x0000026a   0x00000000   Code   RO          688    .ARM.Collect$$rtentry$$00000002  c_p.l(__rtentry2.o)
    0x0000026a   0x0000026a   0x00000006   Code   RO          700    .ARM.Collect$$rtentry$$00000004  c_p.l(__rtentry4.o)
    0x00000270   0x00000270   0x00000000   Code   RO          690    .ARM.Collect$$rtentry$$00000009  c_p.l(__rtentry2.o)
    0x00000270   0x00000270   0x00000004   Code   RO          691    .ARM.Collect$$rtentry$$0000000A  c_p.l(__rtentry2.o)
    0x00000274   0x00000274   0x00000000   Code   RO          693    .ARM.Collect$$rtentry$$0000000C  c_p.l(__rtentry2.o)
    0x00000274   0x00000274   0x00000008   Code   RO          694    .ARM.Collect$$rtentry$$0000000D  c_p.l(__rtentry2.o)
    0x0000027c   0x0000027c   0x00000002   Code   RO          852    .ARM.Collect$$rtexit$$00000000  c_p.l(rtexit.o)
    0x0000027e   0x0000027e   0x00000000   Code   RO          956    .ARM.Collect$$rtexit$$00000002  c_p.l(rtexit2.o)
    0x0000027e   0x0000027e   0x00000004   Code   RO          957    .ARM.Collect$$rtexit$$00000003  c_p.l(rtexit2.o)
    0x00000282   0x00000282   0x00000006   Code   RO          958    .ARM.Collect$$rtexit$$00000004  c_p.l(rtexit2.o)
    0x00000288   0x00000288   0x00000038   Code   RO          420    .emb_text           c_p.l(rt_memcpy.o)
    0x000002c0   0x000002c0   0x0000002c   Code   RO           34    .text               startup_mspm0g350x_uvision.o
    0x000002ec   0x000002ec   0x0000003c   Code   RO          418    .text               c_p.l(vsnprintf.o)
    0x00000328   0x00000328   0x00000040   Code   RO          424    .text               c_p.l(rt_memclr.o)
    0x00000368   0x00000368   0x000001f8   Code   RO          426    .text               c_p.l(aeabi_sdivfast.o)
    0x00000560   0x00000560   0x00000006   Code   RO          434    .text               c_p.l(heapauxi.o)
    0x00000566   0x00000566   0x00000002   PAD
    0x00000568   0x00000568   0x00000054   Code   RO          447    .text               fz_ps.l(f2d.o)
    0x000005bc   0x000005bc   0x00000160   Code   RO          479    .text               fz_ps.l(fdiv.o)
    0x0000071c   0x0000071c   0x0000004c   Code   RO          482    .text               fz_ps.l(ffixi.o)
    0x00000768   0x00000768   0x0000005e   Code   RO          484    .text               fz_ps.l(fflti.o)
    0x000007c6   0x000007c6   0x00000016   Code   RO          519    .text               c_p.l(_rserrno.o)
    0x000007dc   0x000007dc   0x0000004e   Code   RO          523    .text               c_p.l(_printf_pad.o)
    0x0000082a   0x0000082a   0x00000024   Code   RO          525    .text               c_p.l(_printf_truncate.o)
    0x0000084e   0x0000084e   0x00000052   Code   RO          527    .text               c_p.l(_printf_str.o)
    0x000008a0   0x000008a0   0x0000006c   Code   RO          529    .text               c_p.l(_printf_dec.o)
    0x0000090c   0x0000090c   0x00000026   Code   RO          531    .text               c_p.l(_printf_charcount.o)
    0x00000932   0x00000932   0x00000002   PAD
    0x00000934   0x00000934   0x00000030   Code   RO          533    .text               c_p.l(_printf_char_common.o)
    0x00000964   0x00000964   0x00000010   Code   RO          535    .text               c_p.l(_snputc.o)
    0x00000974   0x00000974   0x000000bc   Code   RO          537    .text               c_p.l(_printf_wctomb.o)
    0x00000a30   0x00000a30   0x00000070   Code   RO          540    .text               c_p.l(_printf_longlong_dec.o)
    0x00000aa0   0x00000aa0   0x00000070   Code   RO          546    .text               c_p.l(_printf_oct_int_ll.o)
    0x00000b10   0x00000b10   0x00000098   Code   RO          566    .text               c_p.l(_printf_hex_int_ll_ptr.o)
    0x00000ba8   0x00000ba8   0x00000188   Code   RO          586    .text               c_p.l(__printf_flags_ss_wp.o)
    0x00000d30   0x00000d30   0x00000080   Code   RO          626    .text               fz_ps.l(frnd.o)
    0x00000db0   0x00000db0   0x00000044   Code   RO          628    .text               fz_ps.l(fscalbn.o)
    0x00000df4   0x00000df4   0x00000090   Code   RO          630    .text               fz_ps.l(fsqrt.o)
    0x00000e84   0x00000e84   0x00000008   Code   RO          707    .text               c_p.l(rt_errno_addr_intlibspace.o)
    0x00000e8c   0x00000e8c   0x0000007a   Code   RO          711    .text               c_p.l(lludiv10.o)
    0x00000f06   0x00000f06   0x000000b0   Code   RO          713    .text               c_p.l(_printf_intcommon.o)
    0x00000fb6   0x00000fb6   0x00000002   PAD
    0x00000fb8   0x00000fb8   0x00000414   Code   RO          715    .text               c_p.l(_printf_fp_dec.o)
    0x000013cc   0x000013cc   0x000002d8   Code   RO          719    .text               c_p.l(_printf_fp_hex.o)
    0x000016a4   0x000016a4   0x0000002e   Code   RO          724    .text               c_p.l(_printf_char.o)
    0x000016d2   0x000016d2   0x0000002e   Code   RO          726    .text               c_p.l(_printf_wchar.o)
    0x00001700   0x00001700   0x00000042   Code   RO          729    .text               c_p.l(_c16rtomb.o)
    0x00001742   0x00001742   0x00000028   Code   RO          731    .text               c_p.l(rtudiv10.o)
    0x0000176a   0x0000176a   0x00000002   PAD
    0x0000176c   0x0000176c   0x00000064   Code   RO          739    .text               fz_ps.l(fcmpin.o)
    0x000017d0   0x000017d0   0x00000008   Code   RO          745    .text               c_p.l(libspace.o)
    0x000017d8   0x000017d8   0x0000003e   Code   RO          748    .text               c_p.l(sys_stackheap_outer.o)
    0x00001816   0x00001816   0x00000002   PAD
    0x00001818   0x00001818   0x00000010   Code   RO          751    .text               c_p.l(rt_ctype_table.o)
    0x00001828   0x00001828   0x00000008   Code   RO          756    .text               c_p.l(rt_locale_intlibspace.o)
    0x00001830   0x00001830   0x00000088   Code   RO          814    .text               c_p.l(_printf_fp_infnan.o)
    0x000018b8   0x000018b8   0x000000d8   Code   RO          816    .text               c_p.l(bigflt0.o)
    0x00001990   0x00001990   0x00000580   Code   RO          819    .text               c_p.l(btod.o)
    0x00001f10   0x00001f10   0x00000010   Code   RO          829    .text               c_p.l(exit.o)
    0x00001f20   0x00001f20   0x0000002e   Code   RO          841    .text               fz_ps.l(cmpret.o)
    0x00001f4e   0x00001f4e   0x00000002   PAD
    0x00001f50   0x00001f50   0x00000010   Code   RO          845    .text               fz_ps.l(fnan2.o)
    0x00001f60   0x00001f60   0x000000b0   Code   RO          894    .text               c_p.l(strcmpv6m.o)
    0x00002010   0x00002010   0x0000005e   Code   RO          945    .text               fz_ps.l(retnan.o)
    0x0000206e   0x0000206e   0x00000002   PAD
    0x00002070   0x00002070   0x0000000c   Code   RO          949    .text               c_p.l(sys_exit.o)
    0x0000207c   0x0000207c   0x00000002   Code   RO          991    .text               c_p.l(use_no_semi.o)
    0x0000207e   0x0000207e   0x00000000   Code   RO          993    .text               c_p.l(indicate_semi.o)
    0x0000207e   0x0000207e   0x0000000a   Code   RO          314    .text.DL_Common_delayCycles  driverlib.a(dl_common.o)
    0x00002088   0x00002088   0x00000028   Code   RO          117    .text.DL_Common_updateReg  ti_msp_dl_config.o
    0x000020b0   0x000020b0   0x0000001c   Code   RO           83    .text.DL_GPIO_clearInterruptStatus  ti_msp_dl_config.o
    0x000020cc   0x000020cc   0x00000014   Code   RO          291    .text.DL_GPIO_clearPins  icm_spi_driver.o
    0x000020e0   0x000020e0   0x00000018   Code   RO           85    .text.DL_GPIO_enableInterrupt  ti_msp_dl_config.o
    0x000020f8   0x000020f8   0x00000018   Code   RO           79    .text.DL_GPIO_enableOutput  ti_msp_dl_config.o
    0x00002110   0x00002110   0x00000014   Code   RO           63    .text.DL_GPIO_enablePower  ti_msp_dl_config.o
    0x00002124   0x00002124   0x00000030   Code   RO           73    .text.DL_GPIO_initDigitalInputFeatures  ti_msp_dl_config.o
    0x00002154   0x00002154   0x00000014   Code   RO           75    .text.DL_GPIO_initDigitalOutput  ti_msp_dl_config.o
    0x00002168   0x00002168   0x0000001c   Code   RO           71    .text.DL_GPIO_initPeripheralInputFunction  ti_msp_dl_config.o
    0x00002184   0x00002184   0x0000001c   Code   RO           69    .text.DL_GPIO_initPeripheralOutputFunction  ti_msp_dl_config.o
    0x000021a0   0x000021a0   0x00000010   Code   RO           57    .text.DL_GPIO_reset  ti_msp_dl_config.o
    0x000021b0   0x000021b0   0x0000001c   Code   RO           81    .text.DL_GPIO_setLowerPinsPolarity  ti_msp_dl_config.o
    0x000021cc   0x000021cc   0x00000014   Code   RO           77    .text.DL_GPIO_setPins  ti_msp_dl_config.o
    0x000021e0   0x000021e0   0x00000018   Code   RO          295    .text.DL_GPIO_setPins  icm_spi_driver.o
    0x000021f8   0x000021f8   0x0000001c   Code   RO           10    .text.DL_Interrupt_getPendingGroup  empty.o
    0x00002214   0x00002214   0x00000014   Code   RO          115    .text.DL_SPI_enable  ti_msp_dl_config.o
    0x00002228   0x00002228   0x00000014   Code   RO           67    .text.DL_SPI_enablePower  ti_msp_dl_config.o
    0x0000223c   0x0000223c   0x00000044   Code   RO          323    .text.DL_SPI_init   driverlib.a(dl_spi.o)
    0x00002280   0x00002280   0x00000014   Code   RO          299    .text.DL_SPI_isBusy  icm_spi_driver.o
    0x00002294   0x00002294   0x00000014   Code   RO          303    .text.DL_SPI_isRXFIFOEmpty  icm_spi_driver.o
    0x000022a8   0x000022a8   0x00000014   Code   RO          305    .text.DL_SPI_receiveData8  icm_spi_driver.o
    0x000022bc   0x000022bc   0x00000010   Code   RO           61    .text.DL_SPI_reset  ti_msp_dl_config.o
    0x000022cc   0x000022cc   0x00000020   Code   RO          111    .text.DL_SPI_setBitRateSerialClockDivider  ti_msp_dl_config.o
    0x000022ec   0x000022ec   0x00000012   Code   RO          325    .text.DL_SPI_setClockConfig  driverlib.a(dl_spi.o)
    0x000022fe   0x000022fe   0x00000002   PAD
    0x00002300   0x00002300   0x0000002c   Code   RO          113    .text.DL_SPI_setFIFOThreshold  ti_msp_dl_config.o
    0x0000232c   0x0000232c   0x00000016   Code   RO          301    .text.DL_SPI_transmitData8  icm_spi_driver.o
    0x00002342   0x00002342   0x00000002   PAD
    0x00002344   0x00002344   0x00000010   Code   RO           91    .text.DL_SYSCTL_enableMFCLK  ti_msp_dl_config.o
    0x00002354   0x00002354   0x00000018   Code   RO           87    .text.DL_SYSCTL_setBORThreshold  ti_msp_dl_config.o
    0x0000236c   0x0000236c   0x00000018   Code   RO           95    .text.DL_SYSCTL_setMCLKDivider  ti_msp_dl_config.o
    0x00002384   0x00002384   0x0000001c   Code   RO           89    .text.DL_SYSCTL_setSYSOSCFreq  ti_msp_dl_config.o
    0x000023a0   0x000023a0   0x0000001c   Code   RO           93    .text.DL_SYSCTL_setULPCLKDivider  ti_msp_dl_config.o
    0x000023bc   0x000023bc   0x00000016   Code   RO          109    .text.DL_UART_enable  ti_msp_dl_config.o
    0x000023d2   0x000023d2   0x00000018   Code   RO          103    .text.DL_UART_enableFIFOs  ti_msp_dl_config.o
    0x000023ea   0x000023ea   0x00000002   PAD
    0x000023ec   0x000023ec   0x0000001c   Code   RO          101    .text.DL_UART_enableInterrupt  ti_msp_dl_config.o
    0x00002408   0x00002408   0x00000018   Code   RO           65    .text.DL_UART_enablePower  ti_msp_dl_config.o
    0x00002420   0x00002420   0x00000048   Code   RO          377    .text.DL_UART_init  driverlib.a(dl_uart.o)
    0x00002468   0x00002468   0x00000018   Code   RO           59    .text.DL_UART_reset  ti_msp_dl_config.o
    0x00002480   0x00002480   0x0000004c   Code   RO           99    .text.DL_UART_setBaudRateDivisor  ti_msp_dl_config.o
    0x000024cc   0x000024cc   0x00000012   Code   RO          379    .text.DL_UART_setClockConfig  driverlib.a(dl_uart.o)
    0x000024de   0x000024de   0x0000001e   Code   RO           97    .text.DL_UART_setOversampling  ti_msp_dl_config.o
    0x000024fc   0x000024fc   0x00000024   Code   RO          105    .text.DL_UART_setRXFIFOThreshold  ti_msp_dl_config.o
    0x00002520   0x00002520   0x00000028   Code   RO          107    .text.DL_UART_setTXFIFOThreshold  ti_msp_dl_config.o
    0x00002548   0x00002548   0x00000014   Code   RO          391    .text.DL_UART_transmitDataBlocking  driverlib.a(dl_uart.o)
    0x0000255c   0x0000255c   0x00000020   Code   RO            8    .text.GROUP1_IRQHandler  empty.o
    0x0000257c   0x0000257c   0x00000014   Code   RO           12    .text.HardFault_Handler  empty.o
    0x00002590   0x00002590   0x00000080   Code   RO           45    .text.SYSCFG_DL_GPIO_init  ti_msp_dl_config.o
    0x00002610   0x00002610   0x0000003c   Code   RO           51    .text.SYSCFG_DL_SPI_0_init  ti_msp_dl_config.o
    0x0000264c   0x0000264c   0x00000026   Code   RO           47    .text.SYSCFG_DL_SYSCTL_init  ti_msp_dl_config.o
    0x00002672   0x00002672   0x00000002   PAD
    0x00002674   0x00002674   0x0000005c   Code   RO           49    .text.SYSCFG_DL_UART_0_init  ti_msp_dl_config.o
    0x000026d0   0x000026d0   0x00000024   Code   RO           41    .text.SYSCFG_DL_init  ti_msp_dl_config.o
    0x000026f4   0x000026f4   0x00000058   Code   RO           43    .text.SYSCFG_DL_initPower  ti_msp_dl_config.o
    0x0000274c   0x0000274c   0x0000002c   Code   RO            6    .text.__NVIC_EnableIRQ  empty.o
    0x00002778   0x00002778   0x0000002c   Code   RO          280    .text.delay_ms      delay.o
    0x000027a4   0x000027a4   0x00000026   Code   RO          278    .text.delay_us      delay.o
    0x000027ca   0x000027ca   0x00000002   PAD
    0x000027cc   0x000027cc   0x000000b4   Code   RO          143    .text.icm42688_begin  icm42688.o
    0x00002880   0x00002880   0x000000f8   Code   RO          151    .text.icm42688_calibrate_gyro  icm42688.o
    0x00002978   0x00002978   0x00000094   Code   RO          161    .text.icm42688_enable_data_ready_interrupt  icm42688.o
    0x00002a0c   0x00002a0c   0x000000de   Code   RO          193    .text.icm42688_fifo_enable  icm42688.o
    0x00002aea   0x00002aea   0x00000002   PAD
    0x00002aec   0x00002aec   0x00000028   Code   RO          199    .text.icm42688_fifo_get_accel_x  icm42688.o
    0x00002b14   0x00002b14   0x0000002c   Code   RO          201    .text.icm42688_fifo_get_accel_y  icm42688.o
    0x00002b40   0x00002b40   0x00000028   Code   RO          203    .text.icm42688_fifo_get_accel_z  icm42688.o
    0x00002b68   0x00002b68   0x0000002c   Code   RO          205    .text.icm42688_fifo_get_gyro_x  icm42688.o
    0x00002b94   0x00002b94   0x00000028   Code   RO          207    .text.icm42688_fifo_get_gyro_y  icm42688.o
    0x00002bbc   0x00002bbc   0x00000028   Code   RO          209    .text.icm42688_fifo_get_gyro_z  icm42688.o
    0x00002be4   0x00002be4   0x000002e0   Code   RO          197    .text.icm42688_fifo_read  icm42688.o
    0x00002ec4   0x00002ec4   0x00000030   Code   RO          195    .text.icm42688_fifo_stream_to_fifo  icm42688.o
    0x00002ef4   0x00002ef4   0x00000150   Code   RO          165    .text.icm42688_get_agt  icm42688.o
    0x00003044   0x00003044   0x0000009c   Code   RO          167    .text.icm42688_get_raw_agt  icm42688.o
    0x000030e0   0x000030e0   0x0000004c   Code   RO          131    .text.icm42688_init_hal  icm42688.o
    0x0000312c   0x0000312c   0x00000056   Code   RO          141    .text.icm42688_read_registers  icm42688.o
    0x00003182   0x00003182   0x00000002   PAD
    0x00003184   0x00003184   0x00000038   Code   RO          133    .text.icm42688_reset  icm42688.o
    0x000031bc   0x000031bc   0x00000090   Code   RO          145    .text.icm42688_set_accel_fs  icm42688.o
    0x0000324c   0x0000324c   0x0000005c   Code   RO          157    .text.icm42688_set_accel_odr  icm42688.o
    0x000032a8   0x000032a8   0x00000048   Code   RO          135    .text.icm42688_set_bank  icm42688.o
    0x000032f0   0x000032f0   0x000000ec   Code   RO          149    .text.icm42688_set_filters  icm42688.o
    0x000033dc   0x000033dc   0x00000098   Code   RO          147    .text.icm42688_set_gyro_fs  icm42688.o
    0x00003474   0x00003474   0x0000005c   Code   RO          159    .text.icm42688_set_gyro_odr  icm42688.o
    0x000034d0   0x000034d0   0x00000048   Code   RO          139    .text.icm42688_who_am_i  icm42688.o
    0x00003518   0x00003518   0x00000098   Code   RO          137    .text.icm42688_write_register  icm42688.o
    0x000035b0   0x000035b0   0x00000050   Code   RO          251    .text.invSqrt       mahony_ahrs.o
    0x00003600   0x00003600   0x000000dc   Code   RO          253    .text.mahony_ahrs_calibrate_gyro  mahony_ahrs.o
    0x000036dc   0x000036dc   0x00000190   Code   RO          257    .text.mahony_ahrs_get_euler  mahony_ahrs.o
    0x0000386c   0x0000386c   0x00000244   Code   RO          249    .text.mahony_ahrs_init  mahony_ahrs.o
    0x00003ab0   0x00003ab0   0x0000052a   Code   RO          255    .text.mahony_ahrs_update  mahony_ahrs.o
    0x00003fda   0x00003fda   0x00000002   PAD
    0x00003fdc   0x00003fdc   0x000002bc   Code   RO            4    .text.main          empty.o
    0x00004298   0x00004298   0x00000050   Code   RO            2    .text.my_get_gyro_data  empty.o
    0x000042e8   0x000042e8   0x00000060   Code   RO          289    .text.my_spi_read   icm_spi_driver.o
    0x00004348   0x00004348   0x00000064   Code   RO          297    .text.my_spi_write  icm_spi_driver.o
    0x000043ac   0x000043ac   0x0000003e   Code   RO          293    .text.spi_read_write_byte  icm_spi_driver.o
    0x000043ea   0x000043ea   0x00000002   PAD
    0x000043ec   0x000043ec   0x00000060   Code   RO          268    .text.usart_printf  uart_driver.o
    0x0000444c   0x0000444c   0x00000034   Code   RO          266    .text.usart_send_bytes  uart_driver.o
    0x00004480   0x00004480   0x000001f6   Code   RO          427    .text_divfast       c_p.l(aeabi_sdivfast.o)
    0x00004676   0x00004676   0x00000030   Code   RO          822    i.__ARM_common_ll_muluu  c_p.l(btod.o)
    0x000046a6   0x000046a6   0x00000002   PAD
    0x000046a8   0x000046a8   0x0000002c   Code   RO          741    i.__ARM_fpclassify  m_ps.l(fpclassify.o)
    0x000046d4   0x000046d4   0x00000022   Code   RO          658    i.__ARM_fpclassifyf  m_ps.l(fpclassifyf.o)
    0x000046f6   0x000046f6   0x0000000a   Code   RO          661    i.__mathlib_flt_infnan  m_ps.l(funder.o)
    0x00004700   0x00004700   0x00000008   Code   RO          662    i.__mathlib_flt_infnan2  m_ps.l(funder.o)
    0x00004708   0x00004708   0x0000000c   Code   RO          663    i.__mathlib_flt_invalid  m_ps.l(funder.o)
    0x00004714   0x00004714   0x0000000e   Code   RO          666    i.__mathlib_flt_underflow  m_ps.l(funder.o)
    0x00004722   0x00004722   0x00000002   PAD
    0x00004724   0x00004724   0x00000180   Code   RO          681    i.__mathlib_rredf2  m_ps.l(rredf.o)
    0x000048a4   0x000048a4   0x00000016   Code   RO          462    i._fgeq             fz_ps.l(fcmp.o)
    0x000048ba   0x000048ba   0x00000016   Code   RO          463    i._fgr              fz_ps.l(fcmp.o)
    0x000048d0   0x000048d0   0x0000001a   Code   RO          464    i._fleq             fz_ps.l(fcmp.o)
    0x000048ea   0x000048ea   0x00000016   Code   RO          465    i._fls              fz_ps.l(fcmp.o)
    0x00004900   0x00004900   0x0000000e   Code   RO          579    i._is_digit         c_p.l(__printf_wp.o)
    0x0000490e   0x0000490e   0x00000002   PAD
    0x00004910   0x00004910   0x00000118   Code   RO          489    i.asinf             m_ps.l(asinf.o)
    0x00004a28   0x00004a28   0x0000029c   Code   RO          493    i.atan2f            m_ps.l(atan2f.o)
    0x00004cc4   0x00004cc4   0x00000178   Code   RO          501    i.cosf              m_ps.l(cosf.o)
    0x00004e3c   0x00004e3c   0x00000184   Code   RO          507    i.sinf              m_ps.l(sinf.o)
    0x00004fc0   0x00004fc0   0x0000002c   Code   RO          511    i.sqrtf             m_ps.l(sqrtf.o)
    0x00004fec   0x00004fec   0x0000002c   Code   RO          827    locale$$code        c_p.l(lc_numeric_c.o)
    0x00005018   0x00005018   0x0000002c   Code   RO          888    locale$$code        c_p.l(lc_ctype_c.o)
    0x00005044   0x00005044   0x0000008c   Code   RO          449    x$fpl$fadd          fz_ps.l(faddsub.o)
    0x000050d0   0x000050d0   0x00000054   Code   RO          622    x$fpl$fgeqf         fz_ps.l(fgef.o)
    0x00005124   0x00005124   0x00000054   Code   RO          624    x$fpl$fleqf         fz_ps.l(flef.o)
    0x00005178   0x00005178   0x000000b0   Code   RO          486    x$fpl$fmul          fz_ps.l(fmul.o)
    0x00005228   0x00005228   0x00000018   Code   RO          450    x$fpl$frsb          fz_ps.l(faddsub.o)
    0x00005240   0x00005240   0x000000d0   Code   RO          451    x$fpl$fsub          fz_ps.l(faddsub.o)
    0x00005310   0x00005310   0x00000010   Code   RO          632    x$fpl$printf1       fz_ps.l(printf1.o)
    0x00005320   0x00005320   0x00000010   Code   RO          634    x$fpl$printf2       fz_ps.l(printf2.o)
    0x00005330   0x00005330   0x00000000   Code   RO          640    x$fpl$usenofp       fz_ps.l(usenofp.o)
    0x00005330   0x00005330   0x00000040   Data   RO          480    .constdata          fz_ps.l(fdiv.o)
    0x00005370   0x00005370   0x00000008   Data   RO          538    .constdata          c_p.l(_printf_wctomb.o)
    0x00005378   0x00005378   0x00000028   Data   RO          567    .constdata          c_p.l(_printf_hex_int_ll_ptr.o)
    0x000053a0   0x000053a0   0x00000011   Data   RO          587    .constdata          c_p.l(__printf_flags_ss_wp.o)
    0x000053b1   0x000053b1   0x00000003   PAD
    0x000053b4   0x000053b4   0x00000020   Data   RO          682    .constdata          m_ps.l(rredf.o)
    0x000053d4   0x000053d4   0x00000026   Data   RO          720    .constdata          c_p.l(_printf_fp_hex.o)
    0x000053fa   0x000053fa   0x00000002   PAD
    0x000053fc   0x000053fc   0x00000094   Data   RO          817    .constdata          c_p.l(bigflt0.o)
    0x00005490   0x00005490   0x00000002   Data   RO          122    .rodata.gSPI_0_clockConfig  ti_msp_dl_config.o
    0x00005492   0x00005492   0x0000000a   Data   RO          123    .rodata.gSPI_0_config  ti_msp_dl_config.o
    0x0000549c   0x0000549c   0x00000002   Data   RO          120    .rodata.gUART_0ClockConfig  ti_msp_dl_config.o
    0x0000549e   0x0000549e   0x0000000a   Data   RO          121    .rodata.gUART_0Config  ti_msp_dl_config.o
    0x000054a8   0x000054a8   0x00000096   Data   RO           16    .rodata.str1.1      empty.o
    0x0000553e   0x0000553e   0x00000002   PAD
    0x00005540   0x00005540   0x00000020   Data   RO         1041    Region$$Table       anon$$obj.o
    0x00005560   0x00005560   0x0000001c   Data   RO          826    locale$$data        c_p.l(lc_numeric_c.o)
    0x0000557c   0x0000557c   0x00000110   Data   RO          887    locale$$data        c_p.l(lc_ctype_c.o)


    Execution Region RW_IRAM2 (Exec base: 0x20200000, Load base: 0x00005690, Size: 0x000021d0, Max: 0x00008000, ABSOLUTE)

    Exec Addr    Load Addr    Size         Type   Attr      Idx    E Section Name        Object

    0x20200000   0x00005690   0x00000001   Data   RW          241    .data.REG_BANK_SEL  icm42688.o
    0x20200001   0x00005691   0x00000001   Data   RW          216    .data.UB0_REG_ACCEL_CONFIG0  icm42688.o
    0x20200002   0x00005692   0x00000001   Data   RW          213    .data.UB0_REG_DEVICE_CONFIG  icm42688.o
    0x20200003   0x00005693   0x00000001   Data   RW          238    .data.UB0_REG_FIFO_CONFIG  icm42688.o
    0x20200004   0x00005694   0x00000001   Data   RW          239    .data.UB0_REG_FIFO_COUNTH  icm42688.o
    0x20200005   0x00005695   0x00000001   Data   RW          240    .data.UB0_REG_FIFO_DATA  icm42688.o
    0x20200006   0x00005696   0x00000001   Data   RW          217    .data.UB0_REG_GYRO_CONFIG0  icm42688.o
    0x20200007   0x00005697   0x00000001   Data   RW          220    .data.UB0_REG_INT_CONFIG  icm42688.o
    0x20200008   0x00005698   0x00000001   Data   RW          221    .data.UB0_REG_INT_CONFIG1  icm42688.o
    0x20200009   0x00005699   0x00000001   Data   RW          222    .data.UB0_REG_INT_SOURCE0  icm42688.o
    0x2020000a   0x0000569a   0x00000001   Data   RW          215    .data.UB0_REG_PWR_MGMT0  icm42688.o
    0x2020000b   0x0000569b   0x00000001   Data   RW          223    .data.UB0_REG_TEMP_DATA1  icm42688.o
    0x2020000c   0x0000569c   0x00000001   Data   RW          214    .data.UB0_REG_WHO_AM_I  icm42688.o
    0x2020000d   0x0000569d   0x00000001   Data   RW          218    .data.UB1_REG_GYRO_CONFIG_STATIC2  icm42688.o
    0x2020000e   0x0000569e   0x00000001   Data   RW          219    .data.UB2_REG_ACCEL_CONFIG_STATIC2  icm42688.o
    0x2020000f   0x0000569f   0x00000001   PAD
    0x20200010        -       0x00000060   Zero   RW          746    .bss                c_p.l(libspace.o)
    0x20200070        -       0x00000040   Zero   RW           17    .bss.ahrs           empty.o
    0x202000b0        -       0x00000200   Zero   RW           18    .bss.ax             empty.o
    0x202002b0        -       0x00000200   Zero   RW           19    .bss.ay             empty.o
    0x202004b0        -       0x00000200   Zero   RW           20    .bss.az             empty.o
    0x202006b0        -       0x00000100   Zero   RW          270    .bss.buffer         uart_driver.o
    0x202007b0        -       0x00000028   Zero   RW          119    .bss.gSPI_0Backup   ti_msp_dl_config.o
    0x202007d8        -       0x00000200   Zero   RW           21    .bss.gx             empty.o
    0x202009d8        -       0x00000200   Zero   RW           22    .bss.gy             empty.o
    0x20200bd8        -       0x00000200   Zero   RW           23    .bss.gz             empty.o
    0x20200dd8        -       0x000010f0   Zero   RW           15    .bss.imu            empty.o
    0x20201ec8        -       0x00000001   Zero   RW           14    .bss.imu_int_flag   empty.o
    0x20201ec9   0x0000569f   0x00000007   PAD
    0x20201ed0        -       0x00000000   Zero   RW           32    HEAP                startup_mspm0g350x_uvision.o
    0x20201ed0        -       0x00000300   Zero   RW           31    STACK               startup_mspm0g350x_uvision.o



  Load Region LR_BCR (Base: 0x41c00000, Size: 0x00000000, Max: 0x00000100, ABSOLUTE)

    Execution Region BCR_CONFIG (Exec base: 0x41c00000, Load base: 0x41c00000, Size: 0x00000000, Max: 0x000000ff, ABSOLUTE)

    **** No section assigned to this execution region ****



  Load Region LR_BSL (Base: 0x41c00100, Size: 0x00000000, Max: 0x00000100, ABSOLUTE)

    Execution Region BSL_CONFIG (Exec base: 0x41c00100, Load base: 0x41c00100, Size: 0x00000000, Max: 0x00000080, ABSOLUTE)

    **** No section assigned to this execution region ****


==============================================================================

Image component sizes


      Code (inc. data)   RO Data    RW Data    ZI Data      Debug   Object Name

        82          0          0          0          0        792   delay.o
       904        116        150          0       7473       9292   empty.o
      3552        112          0         15          0      17948   icm42688.o
       384         12          0          0          0       6032   icm_spi_driver.o
      2602         48          0          0          0       4627   mahony_ahrs.o
        44         18        192          0        768        688   startup_mspm0g350x_uvision.o
      1322        112         24          0         40      21237   ti_msp_dl_config.o
       148          4          0          0        256       3125   uart_driver.o

    ----------------------------------------------------------------------
      9054        422        400         16       8544      63741   Object Totals
         0          0         32          0          0          0   (incl. Generated)
        16          0          2          1          7          0   (incl. Padding)

    ----------------------------------------------------------------------

      Code (inc. data)   RO Data    RW Data    ZI Data      Debug   Library Member Name

         8          0          0          0          0         68   __main.o
       392          6         17          0          0         76   __printf_flags_ss_wp.o
        14          0          0          0          0         60   __printf_wp.o
         0          0          0          0          0          0   __rtentry.o
        12          0          0          0          0          0   __rtentry2.o
         6          0          0          0          0          0   __rtentry4.o
        86         10          0          0          0          0   __scatter.o
        26          0          0          0          0          0   __scatter_copy.o
        28          0          0          0          0          0   __scatter_zi.o
        66          0          0          0          0         76   _c16rtomb.o
        10          0          0          0          0          0   _printf_a.o
        10          0          0          0          0          0   _printf_c.o
        46          0          0          0          0        100   _printf_char.o
        48          6          0          0          0         88   _printf_char_common.o
        38          0          0          0          0         60   _printf_charcount.o
        10          0          0          0          0          0   _printf_d.o
       108         18          0          0          0         76   _printf_dec.o
        10          0          0          0          0          0   _printf_e.o
        10          0          0          0          0          0   _printf_f.o
      1044         12          0          0          0        116   _printf_fp_dec.o
       728         10         38          0          0         84   _printf_fp_hex.o
       136         16          0          0          0         76   _printf_fp_infnan.o
        10          0          0          0          0          0   _printf_g.o
       152          4         40          0          0        148   _printf_hex_int_ll_ptr.o
        10          0          0          0          0          0   _printf_i.o
       176          0          0          0          0         84   _printf_intcommon.o
        10          0          0          0          0          0   _printf_l.o
        10          0          0          0          0          0   _printf_lc.o
        10          0          0          0          0          0   _printf_ll.o
        10          0          0          0          0          0   _printf_lld.o
        10          0          0          0          0          0   _printf_lli.o
        10          0          0          0          0          0   _printf_llo.o
        10          0          0          0          0          0   _printf_llu.o
        10          0          0          0          0          0   _printf_llx.o
       112         18          0          0          0         76   _printf_longlong_dec.o
        10          0          0          0          0          0   _printf_ls.o
        10          0          0          0          0          0   _printf_n.o
        10          0          0          0          0          0   _printf_o.o
       112         10          0          0          0        112   _printf_oct_int_ll.o
        10          0          0          0          0          0   _printf_p.o
        78          0          0          0          0        100   _printf_pad.o
         2          0          0          0          0          0   _printf_percent.o
         4          0          0          0          0          0   _printf_percent_end.o
        10          0          0          0          0          0   _printf_s.o
        82          0          0          0          0         72   _printf_str.o
        36          0          0          0          0         76   _printf_truncate.o
        10          0          0          0          0          0   _printf_u.o
        46          0          0          0          0        100   _printf_wchar.o
       188          6          8          0          0         80   _printf_wctomb.o
        10          0          0          0          0          0   _printf_x.o
        22          0          0          0          0         92   _rserrno.o
        16          0          0          0          0         60   _snputc.o
      1006          4          0          0          0        184   aeabi_sdivfast.o
       216          6        148          0          0         80   bigflt0.o
      1456         30          0          0          0        336   btod.o
        16          0          0          0          0         68   exit.o
         6          0          0          0          0        136   heapauxi.o
         0          0          0          0          0          0   indicate_semi.o
        44         10        272          0          0         76   lc_ctype_c.o
        44         10         28          0          0         76   lc_numeric_c.o
         2          0          0          0          0          0   libinit.o
        30          0          0          0          0          0   libinit2.o
         2          0          0          0          0          0   libshutdown.o
         2          0          0          0          0          0   libshutdown2.o
         8          4          0          0         96         68   libspace.o
       122          0          0          0          0         72   lludiv10.o
        16          4          0          0          0         76   rt_ctype_table.o
         8          4          0          0          0         68   rt_errno_addr_intlibspace.o
         8          4          0          0          0         68   rt_locale_intlibspace.o
        64          0          0          0          0        108   rt_memclr.o
        56          0          0          0          0         68   rt_memcpy.o
         2          0          0          0          0          0   rtexit.o
        10          0          0          0          0          0   rtexit2.o
        40          0          0          0          0         60   rtudiv10.o
       176          4          0          0          0         80   strcmpv6m.o
        12          4          0          0          0         60   sys_exit.o
        62          0          0          0          0         80   sys_stackheap_outer.o
         2          0          0          0          0         68   use_no_semi.o
        60          4          0          0          0         72   vsnprintf.o
        10          0          0          0          0        803   dl_common.o
        86          8          0          0          0      13518   dl_spi.o
       110         12          0          0          0      14163   dl_uart.o
        46          0          0          0          0         60   cmpret.o
        84          4          0          0          0         60   f2d.o
       372          8          0          0          0        240   faddsub.o
        92          0          0          0          0        272   fcmp.o
       100          4          0          0          0         68   fcmpin.o
       352         10         64          0          0         92   fdiv.o
        76          0          0          0          0         68   ffixi.o
        94          0          0          0          0         92   fflti.o
        84          4          0          0          0         76   fgef.o
        84          4          0          0          0         76   flef.o
       176          4          0          0          0         80   fmul.o
        16          6          0          0          0         68   fnan2.o
       128          6          0          0          0         68   frnd.o
        68          4          0          0          0         68   fscalbn.o
       144          4          0          0          0         72   fsqrt.o
        16          4          0          0          0         76   printf1.o
        16          4          0          0          0         76   printf2.o
        94          0          0          0          0         68   retnan.o
         0          0          0          0          0          0   usenofp.o
       280         38          0          0          0         76   asinf.o
       668         76          0          0          0        120   atan2f.o
       376         58          0          0          0        104   cosf.o
        44          4          0          0          0         60   fpclassify.o
        34          0          0          0          0         60   fpclassifyf.o
        44          0          0          0          0        272   funder.o
       384         18         32          0          0         88   rredf.o
       388         58          0          0          0        104   sinf.o
        44          0          0          0          0         72   sqrtf.o

    ----------------------------------------------------------------------
     12050        546        652          0         96      34904   Library Totals
        38          4          5          0          0          0   (incl. Padding)

    ----------------------------------------------------------------------

      Code (inc. data)   RO Data    RW Data    ZI Data      Debug   Library Name

      7502        204        551          0         96       3784   c_p.l
       206         20          0          0          0      28484   driverlib.a
      2042         66         64          0          0       1680   fz_ps.l
      2262        252         32          0          0        956   m_ps.l

    ----------------------------------------------------------------------
     12050        546        652          0         96      34904   Library Totals

    ----------------------------------------------------------------------

==============================================================================


      Code (inc. data)   RO Data    RW Data    ZI Data      Debug   

     21104        968       1052         16       8640      95137   Grand Totals
     21104        968       1052         16       8640      95137   ELF Image Totals
     21104        968       1052         16          0          0   ROM Totals

==============================================================================

    Total RO  Size (Code + RO Data)                22156 (  21.64kB)
    Total RW  Size (RW Data + ZI Data)              8656 (   8.45kB)
    Total ROM Size (Code + RO Data + RW Data)      22172 (  21.65kB)

==============================================================================

